plain        json     N=4   fpm            199325.02 req/s  p99=567.00us   | server: busy=14% max_cpu_busy=52% max_softirq=7%(cpu29) qdisc_drops: 0 
plain        wait     N=4   fpm               393.06 req/s  p99=161.70ms   | server: busy=1% max_cpu_busy=4% max_softirq=0%(cpu30) qdisc_drops: 0 
plain        json     N=4   swerve         289425.13 req/s  p99=388.00us   | server: busy=8% max_cpu_busy=40% max_softirq=4%(cpu29) qdisc_drops: 0 
plain        wait     N=4   swerve            392.90 req/s  p99=212.03ms   | server: busy=1% max_cpu_busy=7% max_softirq=1%(cpu15) qdisc_drops: 0 
plain        json     N=4   swerve-ext     291855.90 req/s  p99=386.00us   | server: busy=7% max_cpu_busy=36% max_softirq=4%(cpu29) qdisc_drops: 0 
plain        wait     N=4   swerve-ext       5924.84 req/s  p99=11.19ms    | server: busy=1% max_cpu_busy=9% max_softirq=0%(cpu28) qdisc_drops: 0 
plain        json     N=16  fpm            302795.31 req/s  p99=1.30ms     | server: busy=42% max_cpu_busy=75% max_softirq=13%(cpu29) qdisc_drops: 0 
plain        wait     N=16  fpm              1584.90 req/s  p99=161.58ms   | server: busy=1% max_cpu_busy=6% max_softirq=1%(cpu0) qdisc_drops: 0 
plain        json     N=16  swerve         441068.95 req/s  p99=761.00us   | server: busy=18% max_cpu_busy=48% max_softirq=7%(cpu29) qdisc_drops: 0 
plain        wait     N=16  swerve           1586.24 req/s  p99=231.97ms   | server: busy=1% max_cpu_busy=6% max_softirq=0%(cpu0) qdisc_drops: 0 
plain        json     N=16  swerve-ext     443147.36 req/s  p99=755.00us   | server: busy=14% max_cpu_busy=39% max_softirq=6%(cpu29) qdisc_drops: 0 
plain        wait     N=16  swerve-ext      23887.30 req/s  p99=11.15ms    | server: busy=2% max_cpu_busy=7% max_softirq=0%(cpu28) qdisc_drops: 0 
plain        json     N=32  fpm            367708.41 req/s  p99=2.56ms     | server: busy=54% max_cpu_busy=86% max_softirq=17%(cpu29) qdisc_drops: 0 
plain        wait     N=32  fpm              3167.91 req/s  p99=161.61ms   | server: busy=1% max_cpu_busy=5% max_softirq=0%(cpu29) qdisc_drops: 0 
plain        json     N=32  swerve         453511.51 req/s  p99=1.36ms     | server: busy=24% max_cpu_busy=60% max_softirq=10%(cpu29) qdisc_drops: 0 
plain        wait     N=32  swerve           3166.12 req/s  p99=233.62ms   | server: busy=1% max_cpu_busy=5% max_softirq=0%(cpu28) qdisc_drops: 0 
plain        json     N=32  swerve-ext     454882.04 req/s  p99=1.35ms     | server: busy=20% max_cpu_busy=51% max_softirq=9%(cpu28) qdisc_drops: 0 
plain        wait     N=32  swerve-ext      47350.60 req/s  p99=11.23ms    | server: busy=2% max_cpu_busy=9% max_softirq=0%(cpu29) qdisc_drops: 0 
laravel      json     N=4   fpm              5088.97 req/s  p99=13.18ms    | server: busy=13% max_cpu_busy=76% max_softirq=0%(cpu28) qdisc_drops: 0 
laravel      session  N=4   fpm               962.49 req/s  p99=133.90ms   | server: busy=6% max_cpu_busy=28% max_softirq=1%(cpu0) qdisc_drops: 0 
laravel      wait     N=4   fpm               364.17 req/s  p99=177.19ms   | server: busy=2% max_cpu_busy=10% max_softirq=0%(cpu1) qdisc_drops: 0 
laravel      json     N=4   swerve           9820.11 req/s  p99=31.44ms    | server: busy=13% max_cpu_busy=74% max_softirq=2%(cpu28) qdisc_drops: 0 
laravel      session  N=4   swerve           3485.14 req/s  p99=57.41ms    | server: busy=10% max_cpu_busy=54% max_softirq=1%(cpu29) qdisc_drops: 0 
laravel      wait     N=4   swerve            376.20 req/s  p99=232.59ms   | server: busy=1% max_cpu_busy=9% max_softirq=0%(cpu0) qdisc_drops: 0 
laravel      json     N=4   swerve-ext      10096.93 req/s  p99=28.79ms    | server: busy=13% max_cpu_busy=81% max_softirq=2%(cpu28) qdisc_drops: 0 
laravel      session  N=4   swerve-ext       3440.48 req/s  p99=28.68ms    | server: busy=11% max_cpu_busy=60% max_softirq=1%(cpu29) qdisc_drops: 0 
laravel      wait     N=4   swerve-ext        375.72 req/s  p99=307.76ms   | server: busy=2% max_cpu_busy=11% max_softirq=0%(cpu12) qdisc_drops: 0 
laravel      json     N=16  fpm             17001.19 req/s  p99=15.57ms    | server: busy=53% max_cpu_busy=93% max_softirq=2%(cpu29) qdisc_drops: 0 
laravel      session  N=16  fpm              5422.25 req/s  p99=67.12ms    | server: busy=33% max_cpu_busy=72% max_softirq=1%(cpu27) qdisc_drops: 0 
laravel      wait     N=16  fpm              1463.55 req/s  p99=176.83ms   | server: busy=5% max_cpu_busy=24% max_softirq=0%(cpu29) qdisc_drops: 0 
laravel      json     N=16  swerve          35062.33 req/s  p99=20.98ms    | server: busy=50% max_cpu_busy=91% max_softirq=3%(cpu27) qdisc_drops: 0 
laravel      session  N=16  swerve           7085.96 req/s  p99=145.64ms   | server: busy=22% max_cpu_busy=57% max_softirq=1%(cpu0) qdisc_drops: 0 
laravel      wait     N=16  swerve           1516.32 req/s  p99=211.60ms   | server: busy=3% max_cpu_busy=15% max_softirq=0%(cpu29) qdisc_drops: 0 
laravel      json     N=16  swerve-ext      34681.13 req/s  p99=22.95ms    | server: busy=50% max_cpu_busy=88% max_softirq=2%(cpu28) qdisc_drops: 0 
laravel      session  N=16  swerve-ext       6951.39 req/s  p99=147.47ms   | server: busy=21% max_cpu_busy=56% max_softirq=1%(cpu27) qdisc_drops: 0 
laravel      wait     N=16  swerve-ext       1510.99 req/s  p99=222.77ms   | server: busy=3% max_cpu_busy=16% max_softirq=0%(cpu28) qdisc_drops: 0 
laravel      json     N=32  fpm             22359.53 req/s  p99=24.60ms    | server: busy=89% max_cpu_busy=90% max_softirq=3%(cpu30) qdisc_drops: 0 
laravel      session  N=32  fpm              6682.88 req/s  p99=130.02ms   | server: busy=44% max_cpu_busy=72% max_softirq=1%(cpu28) qdisc_drops: 0 
laravel      wait     N=32  fpm              2907.03 req/s  p99=177.24ms   | server: busy=10% max_cpu_busy=32% max_softirq=2%(cpu1) qdisc_drops: 0 
laravel      json     N=32  swerve          53275.04 req/s  p99=17.01ms    | server: busy=97% max_cpu_busy=97% max_softirq=28%(cpu15) qdisc_drops: 0 
laravel      session  N=32  swerve           8118.81 req/s  p99=305.13ms   | server: busy=27% max_cpu_busy=53% max_softirq=3%(cpu15) qdisc_drops: 0 
laravel      wait     N=32  swerve           3004.68 req/s  p99=286.11ms   | server: busy=6% max_cpu_busy=29% max_softirq=1%(cpu0) qdisc_drops: 0 
laravel      json     N=32  swerve-ext      53071.36 req/s  p99=17.48ms    | server: busy=93% max_cpu_busy=94% max_softirq=4%(cpu28) qdisc_drops: 0 
laravel      session  N=32  swerve-ext       8416.39 req/s  p99=284.58ms   | server: busy=27% max_cpu_busy=54% max_softirq=1%(cpu28) qdisc_drops: 0 
laravel      wait     N=32  swerve-ext       3003.88 req/s  p99=287.22ms   | server: busy=6% max_cpu_busy=25% max_softirq=0%(cpu29) qdisc_drops: 0 
symfony      json     N=4   fpm              7581.18 req/s  p99=9.09ms     | server: busy=14% max_cpu_busy=82% max_softirq=1%(cpu29) qdisc_drops: 0 
symfony      session  N=4   fpm               664.62 req/s  p99=200.73ms   | server: busy=3% max_cpu_busy=17% max_softirq=0%(cpu0) qdisc_drops: 0 
symfony      wait     N=4   fpm               369.10 req/s  p99=172.97ms   | server: busy=2% max_cpu_busy=8% max_softirq=0%(cpu0) qdisc_drops: 0 
symfony      json     N=4   swerve          44900.54 req/s  p99=29.29ms    | server: busy=13% max_cpu_busy=80% max_softirq=5%(cpu29) qdisc_drops: 0 
symfony      session  N=4   swerve           7110.11 req/s  p99=89.50ms    | server: busy=8% max_cpu_busy=46% max_softirq=1%(cpu28) qdisc_drops: 0 
symfony      wait     N=4   swerve            387.72 req/s  p99=326.32ms   | server: busy=1% max_cpu_busy=7% max_softirq=0%(cpu13) qdisc_drops: 0 
symfony      json     N=4   swerve-ext      46600.12 req/s  p99=38.31ms    | server: busy=13% max_cpu_busy=70% max_softirq=4%(cpu29) qdisc_drops: 0 
symfony      session  N=4   swerve-ext       7056.51 req/s  p99=94.76ms    | server: busy=8% max_cpu_busy=42% max_softirq=1%(cpu28) qdisc_drops: 0 
symfony      wait     N=4   swerve-ext       4874.84 req/s  p99=22.41ms    | server: busy=2% max_cpu_busy=13% max_softirq=0%(cpu28) qdisc_drops: 0 
symfony      json     N=16  fpm             22721.10 req/s  p99=11.91ms    | server: busy=53% max_cpu_busy=79% max_softirq=2%(cpu28) qdisc_drops: 0 
symfony      session  N=16  fpm              5993.58 req/s  p99=76.61ms    | server: busy=24% max_cpu_busy=64% max_softirq=2%(cpu0) qdisc_drops: 0 
symfony      wait     N=16  fpm              1495.89 req/s  p99=172.65ms   | server: busy=4% max_cpu_busy=18% max_softirq=1%(cpu1) qdisc_drops: 0 
symfony      json     N=16  swerve         159916.82 req/s  p99=39.35ms    | server: busy=51% max_cpu_busy=73% max_softirq=12%(cpu15) qdisc_drops: 0 
symfony      session  N=16  swerve           9002.37 req/s  p99=379.69ms   | server: busy=11% max_cpu_busy=31% max_softirq=1%(cpu15) qdisc_drops: 0 
symfony      wait     N=16  swerve           1565.91 req/s  p99=316.01ms   | server: busy=2% max_cpu_busy=9% max_softirq=0%(cpu0) qdisc_drops: 0 
symfony      json     N=16  swerve-ext     150212.71 req/s  p99=47.91ms    | server: busy=50% max_cpu_busy=76% max_softirq=6%(cpu27) qdisc_drops: 0 
symfony      session  N=16  swerve-ext       9020.39 req/s  p99=309.32ms   | server: busy=10% max_cpu_busy=34% max_softirq=1%(cpu28) qdisc_drops: 0 
symfony      wait     N=16  swerve-ext      21233.98 req/s  p99=22.64ms    | server: busy=8% max_cpu_busy=26% max_softirq=1%(cpu29) qdisc_drops: 0 
symfony      json     N=32  fpm             29593.21 req/s  p99=18.58ms    | server: busy=83% max_cpu_busy=85% max_softirq=3%(cpu27) qdisc_drops: 0 
symfony      session  N=32  fpm              6949.16 req/s  p99=148.16ms   | server: busy=30% max_cpu_busy=66% max_softirq=1%(cpu28) qdisc_drops: 0 
symfony      wait     N=32  fpm              2975.09 req/s  p99=173.18ms   | server: busy=7% max_cpu_busy=24% max_softirq=2%(cpu1) qdisc_drops: 0 
symfony      json     N=32  swerve         228947.43 req/s  p99=47.45ms    | server: busy=97% max_cpu_busy=97% max_softirq=12%(cpu30) qdisc_drops: 0 
symfony      session  N=32  swerve           9795.88 req/s  p99=502.67ms   | server: busy=12% max_cpu_busy=33% max_softirq=2%(cpu0) qdisc_drops: 0 
symfony      wait     N=32  swerve           3125.64 req/s  p99=356.85ms   | server: busy=3% max_cpu_busy=8% max_softirq=2%(cpu0) qdisc_drops: 0 
symfony      json     N=32  swerve-ext     207943.44 req/s  p99=66.70ms    | server: busy=96% max_cpu_busy=97% max_softirq=11%(cpu30) qdisc_drops: 0 
symfony      session  N=32  swerve-ext       9131.49 req/s  p99=548.38ms   | server: busy=12% max_cpu_busy=31% max_softirq=2%(cpu0) qdisc_drops: 0 
symfony      wait     N=32  swerve-ext      41034.79 req/s  p99=22.71ms    | server: busy=15% max_cpu_busy=42% max_softirq=3%(cpu29) qdisc_drops: 0 
yii          json     N=4   fpm              3735.54 req/s  p99=17.82ms    | server: busy=13% max_cpu_busy=79% max_softirq=0%(cpu29) qdisc_drops: 0 
yii          session  N=4   fpm              3140.30 req/s  p99=21.22ms    | server: busy=13% max_cpu_busy=85% max_softirq=1%(cpu29) qdisc_drops: 0 
yii          session-counter N=4   fpm              3637.47 req/s  p99=18.43ms    | server: busy=13% max_cpu_busy=78% max_softirq=0%(cpu28) qdisc_drops: 0 
yii          wait     N=4   fpm               356.56 req/s  p99=181.47ms   | server: busy=2% max_cpu_busy=14% max_softirq=0%(cpu1) qdisc_drops: 0 
yii          json     N=4   swerve         104599.43 req/s  p99=836.00us   | server: busy=13% max_cpu_busy=63% max_softirq=4%(cpu29) qdisc_drops: 0 
yii          session  N=4   swerve           7320.39 req/s  p99=11.10ms    | server: busy=3% max_cpu_busy=16% max_softirq=0%(cpu29) qdisc_drops: 0 
yii          session-counter N=4   swerve          77607.47 req/s  p99=1.17ms     | server: busy=13% max_cpu_busy=75% max_softirq=5%(cpu29) qdisc_drops: 0 
yii          wait     N=4   swerve            390.96 req/s  p99=203.25ms   | server: busy=1% max_cpu_busy=9% max_softirq=0%(cpu15) qdisc_drops: 0 
yii          json     N=4   swerve-ext     101930.20 req/s  p99=1.27ms     | server: busy=13% max_cpu_busy=75% max_softirq=5%(cpu29) qdisc_drops: 0 
yii          session  N=4   swerve-ext       7320.84 req/s  p99=11.72ms    | server: busy=3% max_cpu_busy=17% max_softirq=0%(cpu29) qdisc_drops: 0 
yii          session-counter N=4   swerve-ext      75913.58 req/s  p99=1.52ms     | server: busy=13% max_cpu_busy=77% max_softirq=4%(cpu28) qdisc_drops: 0 
yii          wait     N=4   swerve-ext        384.31 req/s  p99=196.55ms   | server: busy=1% max_cpu_busy=8% max_softirq=0%(cpu0) qdisc_drops: 0 
yii          json     N=16  fpm             11974.86 req/s  p99=22.69ms    | server: busy=51% max_cpu_busy=78% max_softirq=1%(cpu29) qdisc_drops: 0 
yii          session  N=16  fpm              7287.20 req/s  p99=49.49ms    | server: busy=39% max_cpu_busy=62% max_softirq=3%(cpu28) qdisc_drops: 0 
yii          session-counter N=16  fpm             11707.14 req/s  p99=23.10ms    | server: busy=52% max_cpu_busy=80% max_softirq=2%(cpu30) qdisc_drops: 0 
yii          wait     N=16  fpm              1425.31 req/s  p99=183.91ms   | server: busy=6% max_cpu_busy=28% max_softirq=1%(cpu1) qdisc_drops: 0 
yii          json     N=16  swerve         369177.13 req/s  p99=1.32ms     | server: busy=50% max_cpu_busy=97% max_softirq=12%(cpu29) qdisc_drops: 0 
yii          session  N=16  swerve           7313.79 req/s  p99=47.34ms    | server: busy=4% max_cpu_busy=12% max_softirq=1%(cpu0) qdisc_drops: 0 
yii          session-counter N=16  swerve         270777.06 req/s  p99=1.54ms     | server: busy=49% max_cpu_busy=97% max_softirq=9%(cpu29) qdisc_drops: 0 
yii          wait     N=16  swerve           1580.07 req/s  p99=233.48ms   | server: busy=2% max_cpu_busy=9% max_softirq=0%(cpu0) qdisc_drops: 0 
yii          json     N=16  swerve-ext     362960.43 req/s  p99=1.76ms     | server: busy=50% max_cpu_busy=96% max_softirq=11%(cpu28) qdisc_drops: 0 
yii          session  N=16  swerve-ext       7314.04 req/s  p99=44.29ms    | server: busy=4% max_cpu_busy=12% max_softirq=1%(cpu0) qdisc_drops: 0 
yii          session-counter N=16  swerve-ext     279019.89 req/s  p99=2.11ms     | server: busy=50% max_cpu_busy=97% max_softirq=8%(cpu29) qdisc_drops: 0 
yii          wait     N=16  swerve-ext       1546.16 req/s  p99=238.00ms   | server: busy=2% max_cpu_busy=6% max_softirq=1%(cpu0) qdisc_drops: 0 
yii          json     N=32  fpm             16216.18 req/s  p99=33.30ms    | server: busy=89% max_cpu_busy=92% max_softirq=2%(cpu27) qdisc_drops: 0 
yii          session  N=32  fpm              7296.01 req/s  p99=109.68ms   | server: busy=41% max_cpu_busy=56% max_softirq=3%(cpu29) qdisc_drops: 0 
yii          session-counter N=32  fpm             16039.43 req/s  p99=33.73ms    | server: busy=86% max_cpu_busy=88% max_softirq=2%(cpu30) qdisc_drops: 0 
yii          wait     N=32  fpm              2819.46 req/s  p99=182.25ms   | server: busy=12% max_cpu_busy=32% max_softirq=2%(cpu1) qdisc_drops: 0 
yii          json     N=32  swerve         437782.91 req/s  p99=1.89ms     | server: busy=90% max_cpu_busy=97% max_softirq=19%(cpu30) qdisc_drops: 0 
yii          session  N=32  swerve           7323.41 req/s  p99=92.95ms    | server: busy=4% max_cpu_busy=13% max_softirq=3%(cpu15) qdisc_drops: 0 
yii          session-counter N=32  swerve         355621.53 req/s  p99=3.53ms     | server: busy=97% max_cpu_busy=97% max_softirq=17%(cpu28) qdisc_drops: 0 
yii          wait     N=32  swerve           3147.60 req/s  p99=284.31ms    Socket errors: connect 0, read 0, write 0, timeout 5  | server: busy=2% max_cpu_busy=9% max_softirq=1%(cpu0) qdisc_drops: 0 
yii          json     N=32  swerve-ext     437088.79 req/s  p99=2.39ms     | server: busy=90% max_cpu_busy=97% max_softirq=19%(cpu27) qdisc_drops: 0 
yii          session  N=32  swerve-ext       7321.77 req/s  p99=91.67ms    | server: busy=4% max_cpu_busy=13% max_softirq=1%(cpu0) qdisc_drops: 0 
yii          session-counter N=32  swerve-ext     349490.96 req/s  p99=3.99ms     | server: busy=97% max_cpu_busy=97% max_softirq=16%(cpu30) qdisc_drops: 0 
yii          wait     N=32  swerve-ext       3093.34 req/s  p99=227.38ms   | server: busy=2% max_cpu_busy=7% max_softirq=0%(cpu0) qdisc_drops: 0 
cakephp      json     N=4   fpm             10276.55 req/s  p99=6.75ms     | server: busy=14% max_cpu_busy=78% max_softirq=1%(cpu29) qdisc_drops: 0 
cakephp      session  N=4   fpm              9699.09 req/s  p99=7.17ms     | server: busy=14% max_cpu_busy=83% max_softirq=1%(cpu28) qdisc_drops: 0 
cakephp      wait     N=4   fpm               376.64 req/s  p99=169.60ms   | server: busy=2% max_cpu_busy=11% max_softirq=0%(cpu10) qdisc_drops: 0 
cakephp      json     N=4   swerve          45506.02 req/s  p99=2.15ms     | server: busy=13% max_cpu_busy=75% max_softirq=4%(cpu29) qdisc_drops: 0 
cakephp      session  N=4   swerve          34584.45 req/s  p99=3.07ms     | server: busy=14% max_cpu_busy=71% max_softirq=4%(cpu29) qdisc_drops: 0 
cakephp      wait     N=4   swerve            388.88 req/s  p99=245.58ms   | server: busy=1% max_cpu_busy=7% max_softirq=1%(cpu0) qdisc_drops: 0 
cakephp      json     N=4   swerve-ext      44101.25 req/s  p99=3.03ms     | server: busy=13% max_cpu_busy=93% max_softirq=5%(cpu29) qdisc_drops: 0 
cakephp      session  N=4   swerve-ext      33766.60 req/s  p99=5.16ms     | server: busy=14% max_cpu_busy=78% max_softirq=4%(cpu29) qdisc_drops: 0 
cakephp      wait     N=4   swerve-ext        383.98 req/s  p99=186.53ms   | server: busy=1% max_cpu_busy=8% max_softirq=0%(cpu0) qdisc_drops: 0 
cakephp      json     N=16  fpm             29924.67 req/s  p99=9.20ms     | server: busy=54% max_cpu_busy=78% max_softirq=2%(cpu29) qdisc_drops: 0 
cakephp      session  N=16  fpm             28874.03 req/s  p99=9.43ms     | server: busy=53% max_cpu_busy=79% max_softirq=3%(cpu30) qdisc_drops: 0 
cakephp      wait     N=16  fpm              1518.80 req/s  p99=169.90ms   | server: busy=3% max_cpu_busy=16% max_softirq=1%(cpu1) qdisc_drops: 0 
cakephp      json     N=16  swerve         148215.29 req/s  p99=174.76ms   | server: busy=53% max_cpu_busy=89% max_softirq=7%(cpu29) qdisc_drops: 0 
cakephp      session  N=16  swerve              0.00 req/s  p99=0.00us     | server: busy=12% max_cpu_busy=42% max_softirq=0%(cpu0) qdisc_drops: 0 
cakephp      wait     N=16  swerve              0.00 req/s  p99=0.00us     | server: busy=14% max_cpu_busy=46% max_softirq=17%(cpu15) qdisc_drops: 0 
cakephp      json     N=16  swerve-ext     131657.36 req/s  p99=37.56ms    | server: busy=43% max_cpu_busy=82% max_softirq=6%(cpu28) qdisc_drops: 0 
cakephp      session  N=16  swerve-ext      32640.01 req/s  p99=1.20s       Socket errors: connect 0, read 0, write 0, timeout 79  | server: busy=19% max_cpu_busy=61% max_softirq=3%(cpu0) qdisc_drops: 0 
cakephp      wait     N=16  swerve-ext       1295.95 req/s  p99=300.31ms    Socket errors: connect 0, read 0, write 0, timeout 135  | server: busy=5% max_cpu_busy=18% max_softirq=0%(cpu10) qdisc_drops: 0 
cakephp      json     N=32  fpm             37931.55 req/s  p99=14.57ms    | server: busy=85% max_cpu_busy=87% max_softirq=3%(cpu28) qdisc_drops: 0 
cakephp      session  N=32  fpm             36584.73 req/s  p99=15.46ms    | server: busy=86% max_cpu_busy=88% max_softirq=3%(cpu30) qdisc_drops: 0 
cakephp      wait     N=32  fpm              3016.27 req/s  p99=170.11ms   | server: busy=6% max_cpu_busy=20% max_softirq=1%(cpu0) qdisc_drops: 0 
cakephp      json     N=32  swerve         134830.94 req/s  p99=296.95ms   | server: busy=66% max_cpu_busy=74% max_softirq=7%(cpu29) qdisc_drops: 0 
cakephp      session  N=32  swerve          82661.08 req/s  p99=144.86ms    Socket errors: connect 0, read 0, write 0, timeout 419  | server: busy=68% max_cpu_busy=87% max_softirq=6%(cpu28) qdisc_drops: 0 
cakephp      wait     N=32  swerve           3117.10 req/s  p99=267.00ms    Socket errors: connect 0, read 0, write 0, timeout 4  | server: busy=3% max_cpu_busy=11% max_softirq=1%(cpu0) qdisc_drops: 0 
cakephp      json     N=32  swerve-ext     155378.61 req/s  p99=303.66ms   | server: busy=77% max_cpu_busy=82% max_softirq=8%(cpu28) qdisc_drops: 0 
cakephp      session  N=32  swerve-ext       1886.01 req/s  p99=88.30ms     Socket errors: connect 0, read 0, write 0, timeout 60  | server: busy=26% max_cpu_busy=59% max_softirq=1%(cpu0) qdisc_drops: 0 
cakephp      wait     N=32  swerve-ext        499.76 req/s  p99=273.23ms    Socket errors: connect 0, read 0, write 0, timeout 192  | server: busy=20% max_cpu_busy=49% max_softirq=1%(cpu0) qdisc_drops: 0 
spiral       json     N=4   fpm               918.19 req/s  p99=71.88ms    | server: busy=14% max_cpu_busy=70% max_softirq=1%(cpu0) qdisc_drops: 0 
spiral       session  N=4   fpm               890.30 req/s  p99=75.31ms    | server: busy=14% max_cpu_busy=94% max_softirq=0%(cpu0) qdisc_drops: 0 
spiral       wait     N=4   fpm               266.56 req/s  p99=240.49ms   | server: busy=6% max_cpu_busy=23% max_softirq=0%(cpu13) qdisc_drops: 0 
spiral       json     N=4   swerve          10583.76 req/s  p99=8.12ms     | server: busy=14% max_cpu_busy=71% max_softirq=1%(cpu28) qdisc_drops: 0 
spiral       session  N=4   swerve           7765.76 req/s  p99=11.53ms    | server: busy=15% max_cpu_busy=64% max_softirq=1%(cpu29) qdisc_drops: 0 
spiral       wait     N=4   swerve            377.99 req/s  p99=233.24ms   | server: busy=3% max_cpu_busy=13% max_softirq=0%(cpu13) qdisc_drops: 0 
spiral       json     N=4   swerve-ext      10478.25 req/s  p99=14.38ms    | server: busy=14% max_cpu_busy=67% max_softirq=2%(cpu29) qdisc_drops: 0 
spiral       session  N=4   swerve-ext       6626.71 req/s  p99=13.43ms    | server: busy=14% max_cpu_busy=58% max_softirq=1%(cpu28) qdisc_drops: 0 
spiral       wait     N=4   swerve-ext        375.40 req/s  p99=245.22ms   | server: busy=2% max_cpu_busy=12% max_softirq=0%(cpu0) qdisc_drops: 0 
spiral       json     N=16  fpm              3280.43 req/s  p99=84.21ms    | server: busy=49% max_cpu_busy=80% max_softirq=1%(cpu27) qdisc_drops: 0 
spiral       session  N=16  fpm              3214.45 req/s  p99=83.16ms    | server: busy=51% max_cpu_busy=79% max_softirq=1%(cpu27) qdisc_drops: 0 
spiral       wait     N=16  fpm              1084.37 req/s  p99=240.77ms   | server: busy=17% max_cpu_busy=48% max_softirq=2%(cpu1) qdisc_drops: 0 
spiral       json     N=16  swerve          36866.50 req/s  p99=10.32ms    | server: busy=50% max_cpu_busy=69% max_softirq=3%(cpu27) qdisc_drops: 0 
spiral       session  N=16  swerve          27688.00 req/s  p99=15.17ms    | server: busy=50% max_cpu_busy=72% max_softirq=2%(cpu30) qdisc_drops: 0 
spiral       wait     N=16  swerve           1520.88 req/s  p99=211.39ms   | server: busy=3% max_cpu_busy=15% max_softirq=0%(cpu0) qdisc_drops: 0 
spiral       json     N=16  swerve-ext      36912.29 req/s  p99=15.45ms    | server: busy=51% max_cpu_busy=74% max_softirq=3%(cpu29) qdisc_drops: 0 
spiral       session  N=16  swerve-ext      20086.35 req/s  p99=18.52ms    | server: busy=50% max_cpu_busy=82% max_softirq=3%(cpu27) qdisc_drops: 0 
spiral       wait     N=16  swerve-ext       1510.36 req/s  p99=276.06ms   | server: busy=4% max_cpu_busy=12% max_softirq=0%(cpu0) qdisc_drops: 0 
spiral       json     N=32  fpm              4284.31 req/s  p99=132.88ms   | server: busy=96% max_cpu_busy=97% max_softirq=1%(cpu30) qdisc_drops: 0 
spiral       session  N=32  fpm              4201.75 req/s  p99=128.62ms   | server: busy=96% max_cpu_busy=97% max_softirq=1%(cpu28) qdisc_drops: 0 
spiral       wait     N=32  fpm              2103.59 req/s  p99=247.33ms   | server: busy=35% max_cpu_busy=64% max_softirq=1%(cpu30) qdisc_drops: 0 
spiral       json     N=32  swerve          49637.78 req/s  p99=15.87ms    | server: busy=97% max_cpu_busy=97% max_softirq=4%(cpu27) qdisc_drops: 0 
spiral       session  N=32  swerve          39444.64 req/s  p99=19.99ms    | server: busy=97% max_cpu_busy=97% max_softirq=4%(cpu30) qdisc_drops: 0 
spiral       wait     N=32  swerve           3026.53 req/s  p99=253.71ms    Socket errors: connect 0, read 0, write 0, timeout 1  | server: busy=5% max_cpu_busy=25% max_softirq=1%(cpu0) qdisc_drops: 0 
spiral       json     N=32  swerve-ext      49531.50 req/s  p99=22.89ms    | server: busy=97% max_cpu_busy=97% max_softirq=4%(cpu27) qdisc_drops: 0 
spiral       session  N=32  swerve-ext      32767.11 req/s  p99=25.51ms    | server: busy=92% max_cpu_busy=94% max_softirq=8%(cpu15) qdisc_drops: 0 
spiral       wait     N=32  swerve-ext       3014.02 req/s  p99=275.76ms   | server: busy=6% max_cpu_busy=23% max_softirq=1%(cpu15) qdisc_drops: 0 
codeigniter  json     N=4   fpm              5873.62 req/s  p99=11.86ms    | server: busy=14% max_cpu_busy=76% max_softirq=1%(cpu28) qdisc_drops: 0 
codeigniter  session  N=4   fpm              4998.36 req/s  p99=13.62ms    | server: busy=14% max_cpu_busy=79% max_softirq=1%(cpu29) qdisc_drops: 0 
codeigniter  wait     N=4   fpm               367.39 req/s  p99=174.47ms   | server: busy=2% max_cpu_busy=10% max_softirq=0%(cpu28) qdisc_drops: 0 
codeigniter  json     N=4   swerve          10590.06 req/s  p99=7.79ms     | server: busy=13% max_cpu_busy=82% max_softirq=1%(cpu28) qdisc_drops: 0 
codeigniter  session  N=4   swerve           8453.15 req/s  p99=9.31ms     | server: busy=13% max_cpu_busy=83% max_softirq=1%(cpu28) qdisc_drops: 0 
codeigniter  wait     N=4   swerve            379.40 req/s  p99=222.54ms   | server: busy=2% max_cpu_busy=11% max_softirq=0%(cpu0) qdisc_drops: 0 
codeigniter  json     N=4   swerve-ext       8688.12 req/s  p99=8.84ms     | server: busy=13% max_cpu_busy=59% max_softirq=1%(cpu29) qdisc_drops: 0 
codeigniter  session  N=4   swerve-ext       6993.90 req/s  p99=11.13ms    | server: busy=12% max_cpu_busy=51% max_softirq=1%(cpu28) qdisc_drops: 0 
codeigniter  wait     N=4   swerve-ext        371.75 req/s  p99=203.51ms   | server: busy=1% max_cpu_busy=9% max_softirq=0%(cpu0) qdisc_drops: 0 
codeigniter  json     N=16  fpm             17550.22 req/s  p99=16.13ms    | server: busy=50% max_cpu_busy=82% max_softirq=2%(cpu30) qdisc_drops: 0 
codeigniter  session  N=16  fpm             15403.02 req/s  p99=18.06ms    | server: busy=50% max_cpu_busy=80% max_softirq=2%(cpu28) qdisc_drops: 0 
codeigniter  wait     N=16  fpm              1479.36 req/s  p99=175.07ms   | server: busy=5% max_cpu_busy=20% max_softirq=1%(cpu1) qdisc_drops: 0 
codeigniter  json     N=16  swerve          37248.30 req/s  p99=10.73ms    | server: busy=50% max_cpu_busy=97% max_softirq=3%(cpu29) qdisc_drops: 0 
codeigniter  session  N=16  swerve          29763.86 req/s  p99=13.07ms    | server: busy=50% max_cpu_busy=97% max_softirq=1%(cpu27) qdisc_drops: 0 
codeigniter  wait     N=16  swerve           1518.71 req/s  p99=243.36ms   | server: busy=3% max_cpu_busy=14% max_softirq=0%(cpu0) qdisc_drops: 0 
codeigniter  json     N=16  swerve-ext      25833.86 req/s  p99=16.21ms    | server: busy=48% max_cpu_busy=78% max_softirq=2%(cpu28) qdisc_drops: 0 
codeigniter  session  N=16  swerve-ext      20206.83 req/s  p99=17.80ms    | server: busy=49% max_cpu_busy=76% max_softirq=2%(cpu27) qdisc_drops: 0 
codeigniter  wait     N=16  swerve-ext       1498.12 req/s  p99=257.00ms   | server: busy=4% max_cpu_busy=12% max_softirq=1%(cpu15) qdisc_drops: 0 
codeigniter  json     N=32  fpm             24064.13 req/s  p99=22.67ms    | server: busy=86% max_cpu_busy=87% max_softirq=2%(cpu30) qdisc_drops: 0 
codeigniter  session  N=32  fpm             21454.35 req/s  p99=25.75ms    | server: busy=86% max_cpu_busy=88% max_softirq=2%(cpu29) qdisc_drops: 0 
codeigniter  wait     N=32  fpm              2936.41 req/s  p99=175.91ms   | server: busy=8% max_cpu_busy=24% max_softirq=1%(cpu1) qdisc_drops: 0 
codeigniter  json     N=32  swerve          50364.28 req/s  p99=15.37ms    | server: busy=97% max_cpu_busy=97% max_softirq=4%(cpu29) qdisc_drops: 0 
codeigniter  session  N=32  swerve          42222.62 req/s  p99=17.95ms    | server: busy=97% max_cpu_busy=97% max_softirq=4%(cpu27) qdisc_drops: 0 
codeigniter  wait     N=32  swerve           3027.42 req/s  p99=275.91ms    Socket errors: connect 0, read 0, write 0, timeout 2  | server: busy=5% max_cpu_busy=24% max_softirq=1%(cpu0) qdisc_drops: 0 
codeigniter  json     N=32  swerve-ext      36109.44 req/s  p99=21.10ms    | server: busy=83% max_cpu_busy=85% max_softirq=3%(cpu29) qdisc_drops: 0 
codeigniter  session  N=32  swerve-ext      29873.21 req/s  p99=27.21ms    | server: busy=88% max_cpu_busy=90% max_softirq=3%(cpu27) qdisc_drops: 0 
codeigniter  wait     N=32  swerve-ext       2969.56 req/s  p99=268.74ms   | server: busy=7% max_cpu_busy=15% max_softirq=1%(cpu0) qdisc_drops: 0 
laminas      json     N=4   fpm             11937.87 req/s  p99=6.00ms     | server: busy=14% max_cpu_busy=80% max_softirq=1%(cpu29) qdisc_drops: 0 
laminas      session  N=4   fpm              9563.40 req/s  p99=7.31ms     | server: busy=13% max_cpu_busy=69% max_softirq=1%(cpu30) qdisc_drops: 0 
laminas      wait     N=4   fpm               378.82 req/s  p99=168.42ms   | server: busy=1% max_cpu_busy=9% max_softirq=0%(cpu0) qdisc_drops: 0 
laminas      json     N=4   swerve          12467.55 req/s  p99=6.11ms     | server: busy=13% max_cpu_busy=84% max_softirq=2%(cpu29) qdisc_drops: 0 
laminas      session  N=4   swerve           8661.39 req/s  p99=9.69ms     | server: busy=13% max_cpu_busy=79% max_softirq=1%(cpu28) qdisc_drops: 0 
laminas      wait     N=4   swerve            378.52 req/s  p99=210.82ms   | server: busy=2% max_cpu_busy=10% max_softirq=0%(cpu9) qdisc_drops: 0 
laminas      json     N=4   swerve-ext      12087.15 req/s  p99=11.21ms    | server: busy=13% max_cpu_busy=73% max_softirq=2%(cpu28) qdisc_drops: 0 
laminas      session  N=4   swerve-ext       8530.30 req/s  p99=16.73ms    | server: busy=13% max_cpu_busy=75% max_softirq=1%(cpu28) qdisc_drops: 0 
laminas      wait     N=4   swerve-ext        375.99 req/s  p99=211.95ms   | server: busy=1% max_cpu_busy=10% max_softirq=0%(cpu15) qdisc_drops: 0 
laminas      json     N=16  fpm             29745.60 req/s  p99=9.69ms     | server: busy=50% max_cpu_busy=82% max_softirq=3%(cpu30) qdisc_drops: 0 
laminas      session  N=16  fpm             25798.37 req/s  p99=10.96ms    | server: busy=50% max_cpu_busy=82% max_softirq=2%(cpu29) qdisc_drops: 0 
laminas      wait     N=16  fpm              1525.05 req/s  p99=169.17ms   | server: busy=3% max_cpu_busy=12% max_softirq=0%(cpu0) qdisc_drops: 0 
laminas      json     N=16  swerve          44279.56 req/s  p99=9.33ms     | server: busy=50% max_cpu_busy=97% max_softirq=2%(cpu30) qdisc_drops: 0 
laminas      session  N=16  swerve          34506.15 req/s  p99=11.08ms    | server: busy=50% max_cpu_busy=96% max_softirq=4%(cpu28) qdisc_drops: 0 
laminas      wait     N=16  swerve           1526.39 req/s  p99=231.31ms   | server: busy=3% max_cpu_busy=13% max_softirq=0%(cpu0) qdisc_drops: 0 
laminas      json     N=16  swerve-ext      43759.56 req/s  p99=13.17ms    | server: busy=50% max_cpu_busy=97% max_softirq=4%(cpu28) qdisc_drops: 0 
laminas      session  N=16  swerve-ext      34297.98 req/s  p99=16.46ms    | server: busy=50% max_cpu_busy=97% max_softirq=2%(cpu27) qdisc_drops: 0 
laminas      wait     N=16  swerve-ext       1514.96 req/s  p99=232.98ms   | server: busy=4% max_cpu_busy=12% max_softirq=0%(cpu0) qdisc_drops: 0 
laminas      json     N=32  fpm             41895.48 req/s  p99=13.10ms    | server: busy=80% max_cpu_busy=83% max_softirq=3%(cpu27) qdisc_drops: 0 
laminas      session  N=32  fpm             36497.97 req/s  p99=14.99ms    | server: busy=84% max_cpu_busy=86% max_softirq=3%(cpu28) qdisc_drops: 0 
laminas      wait     N=32  fpm              3044.25 req/s  p99=168.97ms   | server: busy=5% max_cpu_busy=19% max_softirq=1%(cpu1) qdisc_drops: 0 
laminas      json     N=32  swerve          62019.23 req/s  p99=13.56ms    | server: busy=97% max_cpu_busy=98% max_softirq=4%(cpu27) qdisc_drops: 0 
laminas      session  N=32  swerve          51512.95 req/s  p99=16.23ms    | server: busy=97% max_cpu_busy=97% max_softirq=5%(cpu30) qdisc_drops: 0 
laminas      wait     N=32  swerve           3034.86 req/s  p99=293.32ms    Socket errors: connect 0, read 0, write 0, timeout 1  | server: busy=5% max_cpu_busy=15% max_softirq=0%(cpu0) qdisc_drops: 0 
laminas      json     N=32  swerve-ext      60116.70 req/s  p99=20.02ms    | server: busy=97% max_cpu_busy=97% max_softirq=4%(cpu30) qdisc_drops: 0 
laminas      session  N=32  swerve-ext      50800.58 req/s  p99=22.41ms    | server: busy=97% max_cpu_busy=97% max_softirq=5%(cpu29) qdisc_drops: 0 
laminas      wait     N=32  swerve-ext       3017.65 req/s  p99=253.83ms   | server: busy=6% max_cpu_busy=15% max_softirq=1%(cpu0) qdisc_drops: 0 
