22:19:53 lan r1 N=4 swerve hello: p99 397.00us 286271.27 req/s 
22:20:07 lan r1 N=4 swerve json: p99 385.00us 290344.89 req/s 
22:20:21 lan r1 N=4 swerve wait: p99 10.54ms 6162.92 req/s 
22:20:35 lan r1 N=4 swerve page: p99 8.24ms 11320.75 req/s 
22:20:51 lan r1 N=4 swerve-ext hello: p99 360.00us 309121.94 req/s 
22:21:04 lan r1 N=4 swerve-ext json: p99 382.00us 293942.21 req/s 
22:21:18 lan r1 N=4 swerve-ext wait: p99 11.20ms 5935.13 req/s 
22:21:32 lan r1 N=4 swerve-ext page: p99 6.03ms 11322.37 req/s 
22:21:48 lan r1 N=4 rr hello: p99 1.12ms 127150.70 req/s 
22:22:02 lan r1 N=4 rr json: p99 1.15ms 125008.33 req/s 
22:22:16 lan r1 N=4 rr wait: p99 161.82ms 393.05 req/s 
22:22:30 lan r1 N=4 rr page: p99 7.45ms 11210.09 req/s 
22:22:46 lan r1 N=4 franken hello: p99 763.00us 173294.71 req/s 
22:23:00 lan r1 N=4 franken json: p99 755.00us 176511.07 req/s 
22:23:14 lan r1 N=4 franken wait: p99 161.41ms 397.01 req/s 
22:23:28 lan r1 N=4 franken page: p99 7.32ms 11159.76 req/s 
22:23:44 lan r1 N=4 swoole hello: p99 367.00us 307550.68 req/s 
22:23:57 lan r1 N=4 swoole json: p99 305.00us 340941.74 req/s 
22:24:11 lan r1 N=4 swoole wait: p99 11.21ms 6145.86 req/s 
22:24:25 lan r1 N=4 swoole page: p99 6.06ms 11267.66 req/s 
22:24:41 lan r1 N=4 openswoole hello: p99 378.00us 303240.91 req/s 
22:24:55 lan r1 N=4 openswoole json: p99 380.00us 299926.54 req/s 
22:25:08 lan r1 N=4 openswoole wait: p99 11.22ms 6138.60 req/s 
22:25:22 lan r1 N=4 openswoole page: p99 6.12ms 11206.06 req/s 
22:25:38 lan r1 N=4 react hello: p99 414.00us 276718.96 req/s 
22:25:52 lan r1 N=4 react json: p99 435.00us 262556.14 req/s 
22:26:06 lan r1 N=4 react wait: p99 11.20ms 5929.64 req/s 
22:26:20 lan r1 N=4 react page: p99 6.78ms 11300.42 req/s 
22:26:35 lan r1 N=16 swerve hello: p99 745.00us 453046.09 req/s 
22:26:49 lan r1 N=16 swerve json: p99 732.00us 457169.22 req/s 
22:27:03 lan r1 N=16 swerve wait: p99 10.51ms 24902.58 req/s 
22:27:17 lan r1 N=16 swerve page: p99 33.08ms 11335.40 req/s 
22:27:33 lan r1 N=16 swerve-ext hello: p99 742.00us 450364.60 req/s 
22:27:47 lan r1 N=16 swerve-ext json: p99 741.00us 450775.88 req/s 
22:28:01 lan r1 N=16 swerve-ext wait: p99 11.17ms 23843.29 req/s 
22:28:15 lan r1 N=16 swerve-ext page: p99 33.52ms 11342.51 req/s 
22:28:31 lan r1 N=16 rr hello: p99 2.99ms 192041.58 req/s 
22:28:45 lan r1 N=16 rr json: p99 2.99ms 187756.66 req/s 
22:28:59 lan r1 N=16 rr wait: p99 161.82ms 1588.21 req/s 
22:29:13 lan r1 N=16 rr page: p99 25.12ms 11220.63 req/s 
22:29:30 lan r1 N=16 franken hello: p99 2.71ms 311705.83 req/s 
22:29:43 lan r1 N=16 franken json: p99 2.71ms 312744.19 req/s 
22:29:57 lan r1 N=16 franken wait: p99 161.25ms 1588.16 req/s 
22:30:11 lan r1 N=16 franken page: p99 25.23ms 11168.16 req/s 
22:30:27 lan r1 N=16 swoole hello: p99 749.00us 452084.64 req/s 
22:30:41 lan r1 N=16 swoole json: p99 755.00us 445870.01 req/s 
22:30:55 lan r1 N=16 swoole wait: p99 11.27ms 24623.03 req/s 
22:31:09 lan r1 N=16 swoole page: p99 25.29ms 11273.98 req/s 
22:31:25 lan r1 N=16 openswoole hello: p99 740.00us 452859.11 req/s 
22:31:38 lan r1 N=16 openswoole json: p99 742.00us 453988.10 req/s 
22:31:52 lan r1 N=16 openswoole wait: p99 11.34ms 24637.16 req/s 
22:32:06 lan r1 N=16 openswoole page: p99 34.48ms 11220.09 req/s 
22:32:22 lan r1 N=16 react hello: p99 765.00us 450349.75 req/s 
22:32:36 lan r1 N=16 react json: p99 767.00us 446224.01 req/s 
22:32:50 lan r1 N=16 react wait: p99 11.22ms 23779.35 req/s 
22:33:04 lan r1 N=16 react page: p99 27.41ms 11309.88 req/s 
22:33:20 lan r1 N=32 swerve hello: p99 1.37ms 456839.28 req/s 
22:33:34 lan r1 N=32 swerve json: p99 1.36ms 451913.30 req/s 
22:33:48 lan r1 N=32 swerve wait: p99 10.47ms 49673.85 req/s 
22:34:01 lan r1 N=32 swerve page: p99 55.56ms 11303.17 req/s 
22:34:18 lan r1 N=32 swerve-ext hello: p99 1.36ms 449549.70 req/s 
22:34:32 lan r1 N=32 swerve-ext json: p99 1.36ms 453707.43 req/s 
22:34:46 lan r1 N=32 swerve-ext wait: p99 11.21ms 47413.35 req/s 
22:35:00 lan r1 N=32 swerve-ext page: p99 49.73ms 11303.83 req/s 
22:35:16 lan r1 N=32 rr hello: p99 3.21ms 222184.56 req/s 
22:35:30 lan r1 N=32 rr json: p99 3.24ms 220724.43 req/s 
22:35:44 lan r1 N=32 rr wait: p99 162.12ms 3162.45 req/s 
22:35:58 lan r1 N=32 rr page: p99 54.93ms 11184.63 req/s 
22:36:15 lan r1 N=32 franken hello: p99 4.37ms 346305.42 req/s 
22:36:29 lan r1 N=32 franken json: p99 4.33ms 347609.58 req/s 
22:36:43 lan r1 N=32 franken wait: p99 161.17ms 3171.94 req/s 
22:36:56 lan r1 N=32 franken page: p99 48.92ms 11152.04 req/s 
22:37:13 lan r1 N=32 swoole hello: p99 1.36ms 455275.17 req/s 
22:37:26 lan r1 N=32 swoole json: p99 1.55ms 449060.80 req/s 
22:37:40 lan r1 N=32 swoole wait: p99 11.17ms 49395.97 req/s 
22:37:54 lan r1 N=32 swoole page: p99 56.59ms 11249.88 req/s 
22:38:11 lan r1 N=32 openswoole hello: p99 1.37ms 451880.77 req/s 
22:38:24 lan r1 N=32 openswoole json: p99 1.39ms 451591.30 req/s 
22:38:38 lan r1 N=32 openswoole wait: p99 11.30ms 49347.79 req/s 
22:38:52 lan r1 N=32 openswoole page: p99 57.44ms 11196.22 req/s 
22:39:09 lan r1 N=32 react hello: p99 1.47ms 442548.57 req/s 
22:39:23 lan r1 N=32 react json: p99 1.47ms 437351.40 req/s 
22:39:36 lan r1 N=32 react wait: p99 11.37ms 47099.36 req/s 
22:39:50 lan r1 N=32 react page: p99 49.44ms 11283.10 req/s 
22:40:06 lan r2 N=4 swerve hello: p99 379.00us 296076.45 req/s 
22:40:20 lan r2 N=4 swerve json: p99 387.00us 291402.15 req/s 
22:40:34 lan r2 N=4 swerve wait: p99 10.53ms 6177.47 req/s 
22:40:48 lan r2 N=4 swerve page: p99 6.08ms 11320.97 req/s 
22:41:04 lan r2 N=4 swerve-ext hello: p99 378.00us 295921.44 req/s 
22:41:18 lan r2 N=4 swerve-ext json: p99 383.00us 292704.58 req/s 
22:41:32 lan r2 N=4 swerve-ext wait: p99 11.14ms 5987.54 req/s 
22:41:45 lan r2 N=4 swerve-ext page: p99 6.23ms 11322.05 req/s 
22:42:01 lan r2 N=4 rr hello: p99 1.14ms 125423.78 req/s 
22:42:15 lan r2 N=4 rr json: p99 1.16ms 125622.62 req/s 
22:42:29 lan r2 N=4 rr wait: p99 161.84ms 393.06 req/s 
22:42:43 lan r2 N=4 rr page: p99 7.42ms 11211.68 req/s 
22:43:00 lan r2 N=4 franken hello: p99 761.00us 178068.30 req/s 
22:43:14 lan r2 N=4 franken json: p99 755.00us 174464.42 req/s 
22:43:27 lan r2 N=4 franken wait: p99 161.43ms 394.24 req/s 
22:43:41 lan r2 N=4 franken page: p99 7.30ms 11154.82 req/s 
22:43:57 lan r2 N=4 swoole hello: p99 384.00us 296724.56 req/s 
22:44:11 lan r2 N=4 swoole json: p99 382.00us 293754.27 req/s 
22:44:25 lan r2 N=4 swoole wait: p99 11.22ms 6137.67 req/s 
22:44:39 lan r2 N=4 swoole page: p99 6.99ms 11269.00 req/s 
22:44:54 lan r2 N=4 openswoole hello: p99 378.00us 297782.89 req/s 
22:45:08 lan r2 N=4 openswoole json: p99 379.00us 298288.45 req/s 
22:45:22 lan r2 N=4 openswoole wait: p99 11.30ms 6119.40 req/s 
22:45:36 lan r2 N=4 openswoole page: p99 6.30ms 11205.77 req/s 
22:45:52 lan r2 N=4 react hello: p99 434.00us 259999.94 req/s 
22:46:05 lan r2 N=4 react json: p99 427.00us 262155.87 req/s 
22:46:19 lan r2 N=4 react wait: p99 11.16ms 5987.58 req/s 
22:46:33 lan r2 N=4 react page: p99 6.27ms 11300.75 req/s 
22:46:49 lan r2 N=16 swerve hello: p99 747.00us 450887.21 req/s 
22:47:03 lan r2 N=16 swerve json: p99 752.00us 445749.05 req/s 
22:47:17 lan r2 N=16 swerve wait: p99 10.50ms 24900.37 req/s 
22:47:31 lan r2 N=16 swerve page: p99 30.30ms 11335.01 req/s 
22:47:47 lan r2 N=16 swerve-ext hello: p99 748.00us 450347.78 req/s 
22:48:01 lan r2 N=16 swerve-ext json: p99 739.00us 452774.50 req/s 
22:48:15 lan r2 N=16 swerve-ext wait: p99 11.18ms 23803.39 req/s 
22:48:28 lan r2 N=16 swerve-ext page: p99 33.72ms 11333.55 req/s 
22:48:45 lan r2 N=16 rr hello: p99 2.85ms 193462.09 req/s 
22:48:59 lan r2 N=16 rr json: p99 3.01ms 190274.80 req/s 
22:49:12 lan r2 N=16 rr wait: p99 161.82ms 1585.89 req/s 
22:49:26 lan r2 N=16 rr page: p99 27.15ms 11213.62 req/s 
22:49:43 lan r2 N=16 franken hello: p99 2.68ms 312834.06 req/s 
22:49:57 lan r2 N=16 franken json: p99 2.69ms 313301.95 req/s 
22:50:11 lan r2 N=16 franken wait: p99 161.28ms 1592.50 req/s 
22:50:25 lan r2 N=16 franken page: p99 24.99ms 11169.10 req/s 
22:50:41 lan r2 N=16 swoole hello: p99 750.00us 447635.50 req/s 
22:50:55 lan r2 N=16 swoole json: p99 765.00us 442038.44 req/s 
22:51:08 lan r2 N=16 swoole wait: p99 11.31ms 24614.45 req/s 
22:51:22 lan r2 N=16 swoole page: p99 24.60ms 11274.28 req/s 
22:51:38 lan r2 N=16 openswoole hello: p99 747.00us 446065.43 req/s 
22:51:52 lan r2 N=16 openswoole json: p99 747.00us 447080.09 req/s 
22:52:06 lan r2 N=16 openswoole wait: p99 11.38ms 24591.83 req/s 
22:52:20 lan r2 N=16 openswoole page: p99 35.04ms 11220.13 req/s 
