23:32:59 r1 swerve w=8 n=10000: connected 8112, failed 0, in 32.1 s still connected at the end: 8112 (closed by the server: 0)  per_socket_kib=54
23:33:31 r1 swerve-ext w=8 n=10000: connected 10000, failed 0, in 7.5 s still connected at the end: 10000 (closed by the server: 0)  per_socket_kib=53
23:33:57 r1 swoole w=8 n=10000: connected 10000, failed 0, in 8.9 s still connected at the end: 10000 (closed by the server: 0)  per_socket_kib=5
23:34:23 r1 openswoole w=8 n=10000: connected 10000, failed 0, in 9.0 s still connected at the end: 10000 (closed by the server: 0)  per_socket_kib=6
23:34:47 r1 react w=8 n=10000: connected 10000, failed 0, in 6.9 s still connected at the end: 10000 (closed by the server: 0)  per_socket_kib=37
23:37:04 r1 swerve w=8 n=50000: connected 8112, failed 0, in 40.1 s still connected at the end: 8112 (closed by the server: 0)  per_socket_kib=27
23:37:52 r1 swerve-ext w=8 n=50000: connected 50000, failed 0, in 25.1 s still connected at the end: 50000 (closed by the server: 0)  per_socket_kib=59
23:38:42 r1 swoole w=8 n=50000: connected 50000, failed 0, in 31.8 s still connected at the end: 50000 (closed by the server: 0)  per_socket_kib=5
23:39:32 r1 openswoole w=8 n=50000: connected 50000, failed 0, in 31.5 s still connected at the end: 50000 (closed by the server: 0)  per_socket_kib=5
23:40:14 r1 react w=8 n=50000: connected 50000, failed 0, in 24.0 s still connected at the end: 50000 (closed by the server: 0)  per_socket_kib=36
23:42:23 r2 swerve w=8 n=10000: connected 8112, failed 0, in 32.1 s still connected at the end: 8112 (closed by the server: 0)  per_socket_kib=59
23:42:55 r2 swerve-ext w=8 n=10000: connected 10000, failed 0, in 7.5 s still connected at the end: 10000 (closed by the server: 0)  per_socket_kib=52
23:43:21 r2 swoole w=8 n=10000: connected 10000, failed 0, in 8.9 s still connected at the end: 10000 (closed by the server: 0)  per_socket_kib=5
23:43:47 r2 openswoole w=8 n=10000: connected 10000, failed 0, in 8.9 s still connected at the end: 10000 (closed by the server: 0)  per_socket_kib=6
23:44:10 r2 react w=8 n=10000: connected 10000, failed 0, in 6.8 s still connected at the end: 10000 (closed by the server: 0)  per_socket_kib=37
23:46:28 r2 swerve w=8 n=50000: connected 8112, failed 0, in 40.0 s still connected at the end: 8112 (closed by the server: 0)  per_socket_kib=28
23:47:15 r2 swerve-ext w=8 n=50000: connected 50000, failed 0, in 25.2 s still connected at the end: 50000 (closed by the server: 0)  per_socket_kib=49
23:48:04 r2 swoole w=8 n=50000: connected 50000, failed 0, in 31.7 s still connected at the end: 50000 (closed by the server: 0)  per_socket_kib=5
23:48:54 r2 openswoole w=8 n=50000: connected 50000, failed 0, in 31.5 s still connected at the end: 50000 (closed by the server: 0)  per_socket_kib=5
23:49:35 r2 react w=8 n=50000: connected 50000, failed 0, in 23.7 s still connected at the end: 50000 (closed by the server: 0)  per_socket_kib=36
