22:53:01 lo r1 N=2 swerve hello: p99 154.00us 229693.93 req/s 
22:53:14 lo r1 N=2 swerve json: p99 156.00us 226872.32 req/s 
22:53:28 lo r1 N=2 swerve wait: p99 10.22ms 3141.63 req/s 
22:53:41 lo r1 N=2 swerve page: p99 589.00us 58516.79 req/s 
22:53:57 lo r1 N=2 swerve-ext hello: p99 270.00us 223929.72 req/s 
22:54:10 lo r1 N=2 swerve-ext json: p99 342.00us 220752.46 req/s 
22:54:24 lo r1 N=2 swerve-ext wait: p99 10.32ms 3119.48 req/s 
22:54:37 lo r1 N=2 swerve-ext page: p99 1.37ms 58315.79 req/s 
22:54:53 lo r1 N=2 rr hello: p99 678.00us 92285.35 req/s 
22:55:06 lo r1 N=2 rr json: p99 682.00us 91415.19 req/s 
22:55:20 lo r1 N=2 rr wait: p99 218.21ms 195.41 req/s 
22:55:33 lo r1 N=2 rr page: p99 1.36ms 34698.53 req/s 
22:55:50 lo r1 N=2 franken hello: p99 234.00us 371291.72 req/s 
22:56:03 lo r1 N=2 franken json: p99 234.00us 367739.81 req/s 
22:56:17 lo r1 N=2 franken wait: p99 222.64ms 195.81 req/s 
22:56:30 lo r1 N=2 franken page: p99 0.86ms 50730.06 req/s 
22:56:46 lo r1 N=2 swoole hello: p99 182.00us 369969.01 req/s 
22:56:59 lo r1 N=2 swoole json: p99 231.00us 360485.64 req/s 
22:57:13 lo r1 N=2 swoole wait: p99 10.46ms 3156.86 req/s 
22:57:26 lo r1 N=2 swoole page: p99 0.97ms 65803.30 req/s 
22:57:41 lo r1 N=2 openswoole hello: p99 226.00us 335862.94 req/s 
22:57:55 lo r1 N=2 openswoole json: p99 217.00us 333170.13 req/s 
22:58:09 lo r1 N=2 openswoole wait: p99 10.44ms 3149.85 req/s 
22:58:22 lo r1 N=2 openswoole page: p99 1.45ms 60891.99 req/s 
22:58:37 lo r1 N=2 react hello: p99 195.00us 190248.42 req/s 
22:58:51 lo r1 N=2 react json: p99 197.00us 188204.95 req/s 
22:59:04 lo r1 N=2 react wait: p99 10.55ms 3079.43 req/s 
22:59:18 lo r1 N=2 react page: p99 625.00us 55925.53 req/s 
22:59:33 lo r1 N=8 swerve hello: p99 200.00us 905843.80 req/s 
22:59:47 lo r1 N=8 swerve json: p99 202.00us 890304.13 req/s 
23:00:00 lo r1 N=8 swerve wait: p99 10.23ms 12493.32 req/s 
23:00:14 lo r1 N=8 swerve page: p99 0.87ms 217523.05 req/s 
23:00:30 lo r1 N=8 swerve-ext hello: p99 306.00us 875520.97 req/s 
23:00:43 lo r1 N=8 swerve-ext json: p99 292.00us 870794.04 req/s 
23:00:57 lo r1 N=8 swerve-ext wait: p99 10.43ms 12288.70 req/s 
23:01:10 lo r1 N=8 swerve-ext page: p99 1.49ms 212538.44 req/s 
23:01:26 lo r1 N=8 rr hello: p99 1.13ms 181227.12 req/s 
23:01:40 lo r1 N=8 rr json: p99 1.15ms 177695.77 req/s 
23:01:53 lo r1 N=8 rr wait: p99 161.58ms 780.71 req/s 
23:02:07 lo r1 N=8 rr page: p99 1.94ms 90101.90 req/s 
23:02:23 lo r1 N=8 franken hello: p99 1.11ms 397394.23 req/s 
23:02:37 lo r1 N=8 franken json: p99 1.11ms 397008.94 req/s 
23:02:51 lo r1 N=8 franken wait: p99 161.25ms 784.82 req/s 
23:03:04 lo r1 N=8 franken page: p99 1.25ms 139366.76 req/s 
23:03:20 lo r1 N=8 swoole hello: p99 181.00us 1516150.61 req/s 
23:03:33 lo r1 N=8 swoole json: p99 178.00us 1487129.15 req/s 
23:03:47 lo r1 N=8 swoole wait: p99 10.43ms 12543.27 req/s 
23:04:00 lo r1 N=8 swoole page: p99 1.56ms 235300.70 req/s 
23:04:16 lo r1 N=8 openswoole hello: p99 204.00us 1392984.59 req/s 
23:04:29 lo r1 N=8 openswoole json: p99 202.00us 1358406.95 req/s 
23:04:43 lo r1 N=8 openswoole wait: p99 10.55ms 12528.01 req/s 
23:04:57 lo r1 N=8 openswoole page: p99 1.58ms 230342.29 req/s 
23:05:12 lo r1 N=8 react hello: p99 223.00us 741521.03 req/s 
23:05:26 lo r1 N=8 react json: p99 221.00us 735756.96 req/s 
23:05:39 lo r1 N=8 react wait: p99 10.67ms 12151.67 req/s 
23:05:53 lo r1 N=8 react page: p99 0.95ms 211368.92 req/s 
23:06:08 lo r2 N=2 swerve hello: p99 163.00us 230094.71 req/s 
23:06:22 lo r2 N=2 swerve json: p99 156.00us 228026.17 req/s 
23:06:35 lo r2 N=2 swerve wait: p99 10.22ms 3114.44 req/s 
23:06:49 lo r2 N=2 swerve page: p99 588.00us 58786.94 req/s 
23:07:04 lo r2 N=2 swerve-ext hello: p99 303.00us 224770.82 req/s 
23:07:18 lo r2 N=2 swerve-ext json: p99 324.00us 222638.67 req/s 
23:07:31 lo r2 N=2 swerve-ext wait: p99 10.33ms 3092.67 req/s 
23:07:45 lo r2 N=2 swerve-ext page: p99 1.10ms 58250.90 req/s 
23:08:00 lo r2 N=2 rr hello: p99 669.00us 92248.32 req/s 
23:08:14 lo r2 N=2 rr json: p99 683.00us 91379.53 req/s 
23:08:27 lo r2 N=2 rr wait: p99 218.59ms 195.39 req/s 
23:08:41 lo r2 N=2 rr page: p99 1.35ms 34784.11 req/s 
23:08:57 lo r2 N=2 franken hello: p99 234.00us 374049.80 req/s 
23:09:11 lo r2 N=2 franken json: p99 236.00us 370519.47 req/s 
23:09:24 lo r2 N=2 franken wait: p99 160.99ms 197.39 req/s 
23:09:38 lo r2 N=2 franken page: p99 0.86ms 50965.64 req/s 
23:09:53 lo r2 N=2 swoole hello: p99 225.00us 371525.83 req/s 
23:10:07 lo r2 N=2 swoole json: p99 167.00us 362227.49 req/s 
23:10:20 lo r2 N=2 swoole wait: p99 10.48ms 3152.23 req/s 
23:10:34 lo r2 N=2 swoole page: p99 1.22ms 65837.17 req/s 
23:10:49 lo r2 N=2 openswoole hello: p99 201.00us 340842.28 req/s 
23:11:03 lo r2 N=2 openswoole json: p99 188.00us 338708.11 req/s 
23:11:16 lo r2 N=2 openswoole wait: p99 10.56ms 3130.87 req/s 
23:11:30 lo r2 N=2 openswoole page: p99 1.41ms 59764.96 req/s 
23:11:45 lo r2 N=2 react hello: p99 183.00us 190329.15 req/s 
23:11:59 lo r2 N=2 react json: p99 175.00us 188790.03 req/s 
23:12:12 lo r2 N=2 react wait: p99 10.58ms 3074.21 req/s 
23:12:26 lo r2 N=2 react page: p99 650.00us 55852.72 req/s 
23:12:41 lo r2 N=8 swerve hello: p99 180.00us 898632.54 req/s 
23:12:55 lo r2 N=8 swerve json: p99 194.00us 889605.42 req/s 
23:13:08 lo r2 N=8 swerve wait: p99 10.23ms 12518.84 req/s 
23:13:22 lo r2 N=8 swerve page: p99 831.00us 216374.36 req/s 
23:13:38 lo r2 N=8 swerve-ext hello: p99 287.00us 875205.62 req/s 
23:13:51 lo r2 N=8 swerve-ext json: p99 297.00us 862269.78 req/s 
23:14:05 lo r2 N=8 swerve-ext wait: p99 10.46ms 12292.88 req/s 
23:14:18 lo r2 N=8 swerve-ext page: p99 1.37ms 211255.32 req/s 
23:14:34 lo r2 N=8 rr hello: p99 1.14ms 179519.00 req/s 
23:14:47 lo r2 N=8 rr json: p99 1.16ms 176545.09 req/s 
23:15:01 lo r2 N=8 rr wait: p99 161.60ms 780.44 req/s 
23:15:14 lo r2 N=8 rr page: p99 1.94ms 90007.81 req/s 
23:15:31 lo r2 N=8 franken hello: p99 1.12ms 390392.89 req/s 
23:15:45 lo r2 N=8 franken json: p99 1.13ms 389312.20 req/s 
23:15:58 lo r2 N=8 franken wait: p99 167.07ms 781.03 req/s 
23:16:12 lo r2 N=8 franken page: p99 1.26ms 138914.56 req/s 
23:16:27 lo r2 N=8 swoole hello: p99 172.00us 1518905.88 req/s 
23:16:41 lo r2 N=8 swoole json: p99 185.00us 1484158.88 req/s 
23:16:54 lo r2 N=8 swoole wait: p99 10.43ms 12550.49 req/s 
23:17:08 lo r2 N=8 swoole page: p99 1.51ms 237014.60 req/s 
23:17:23 lo r2 N=8 openswoole hello: p99 191.00us 1392160.78 req/s 
23:17:37 lo r2 N=8 openswoole json: p99 210.00us 1364486.26 req/s 
23:17:51 lo r2 N=8 openswoole wait: p99 10.55ms 12521.35 req/s 
23:18:04 lo r2 N=8 openswoole page: p99 1.54ms 225309.46 req/s 
23:18:20 lo r2 N=8 react hello: p99 232.00us 738524.23 req/s 
23:18:33 lo r2 N=8 react json: p99 249.00us 732128.00 req/s 
23:18:47 lo r2 N=8 react wait: p99 10.71ms 12073.15 req/s 
23:19:00 lo r2 N=8 react page: p99 0.88ms 211770.98 req/s 
