00:02:48 lo r1 N=2 swerve hello: p99 162.00us 218849.14 req/s 
00:03:02 lo r1 N=2 swerve json: p99 183.00us 215232.33 req/s 
00:03:15 lo r1 N=2 swerve wait: p99 10.22ms 3140.92 req/s 
00:03:29 lo r1 N=2 swerve page: p99 703.00us 58314.65 req/s 
00:03:44 lo r1 N=2 swerve-ext hello: p99 297.00us 215761.87 req/s 
00:03:58 lo r1 N=2 swerve-ext json: p99 214.00us 211969.88 req/s 
00:04:11 lo r1 N=2 swerve-ext wait: p99 10.35ms 3089.75 req/s 
00:04:25 lo r1 N=2 swerve-ext page: p99 0.90ms 57587.58 req/s 
00:04:41 lo r1 N=2 rr hello: p99 754.00us 81385.44 req/s 
00:04:54 lo r1 N=2 rr json: p99 770.00us 80251.96 req/s 
00:05:07 lo r1 N=2 rr wait: p99 161.66ms 197.16 req/s 
00:05:21 lo r1 N=2 rr page: p99 1.44ms 32403.39 req/s 
00:05:37 lo r1 N=2 franken hello: p99 289.00us 223319.74 req/s 
00:05:51 lo r1 N=2 franken json: p99 290.00us 221390.89 req/s 
00:06:04 lo r1 N=2 franken wait: p99 161.21ms 197.09 req/s 
00:06:18 lo r1 N=2 franken page: p99 0.98ms 44807.02 req/s 
00:06:33 lo r1 N=2 swoole hello: p99 236.00us 256239.59 req/s 
00:06:47 lo r1 N=2 swoole json: p99 252.00us 253587.75 req/s 
00:07:00 lo r1 N=2 swoole wait: p99 10.54ms 3142.59 req/s 
00:07:14 lo r1 N=2 swoole page: p99 1.43ms 60700.56 req/s 
00:07:29 lo r1 N=2 openswoole hello: p99 294.00us 244714.63 req/s 
00:07:43 lo r1 N=2 openswoole json: p99 300.00us 240061.80 req/s 
00:07:56 lo r1 N=2 openswoole wait: p99 10.54ms 3147.59 req/s 
00:08:10 lo r1 N=2 openswoole page: p99 1.69ms 56641.16 req/s 
00:08:25 lo r1 N=2 react hello: p99 218.00us 160367.35 req/s 
00:08:39 lo r1 N=2 react json: p99 220.00us 158688.56 req/s 
00:08:52 lo r1 N=2 react wait: p99 10.60ms 3061.09 req/s 
00:09:06 lo r1 N=2 react page: p99 713.00us 52484.85 req/s 
00:09:21 lo r1 N=8 swerve hello: p99 211.00us 859403.50 req/s 
00:09:35 lo r1 N=8 swerve json: p99 213.00us 846194.15 req/s 
00:09:48 lo r1 N=8 swerve wait: p99 10.26ms 12473.63 req/s 
00:10:02 lo r1 N=8 swerve page: p99 734.00us 211276.65 req/s 
00:10:17 lo r1 N=8 swerve-ext hello: p99 317.00us 848926.73 req/s 
00:10:31 lo r1 N=8 swerve-ext json: p99 325.00us 838589.53 req/s 
00:10:45 lo r1 N=8 swerve-ext wait: p99 10.47ms 12317.59 req/s 
00:10:58 lo r1 N=8 swerve-ext page: p99 1.27ms 214515.78 req/s 
00:11:14 lo r1 N=8 rr hello: p99 1.37ms 141139.98 req/s 
00:11:27 lo r1 N=8 rr json: p99 1.38ms 139087.01 req/s 
00:11:41 lo r1 N=8 rr wait: p99 161.86ms 782.57 req/s 
00:11:55 lo r1 N=8 rr page: p99 2.12ms 81414.52 req/s 
00:12:11 lo r1 N=8 franken hello: p99 1.10ms 377735.88 req/s 
00:12:25 lo r1 N=8 franken json: p99 1.10ms 376594.52 req/s 
00:12:38 lo r1 N=8 franken wait: p99 161.15ms 782.36 req/s 
00:12:52 lo r1 N=8 franken page: p99 1.42ms 123639.73 req/s 
00:13:07 lo r1 N=8 swoole hello: p99 282.00us 1004946.18 req/s 
00:13:21 lo r1 N=8 swoole json: p99 286.00us 985025.62 req/s 
00:13:34 lo r1 N=8 swoole wait: p99 10.55ms 12529.46 req/s 
00:13:48 lo r1 N=8 swoole page: p99 1.41ms 220809.15 req/s 
00:14:04 lo r1 N=8 openswoole hello: p99 293.00us 963586.42 req/s 
00:14:17 lo r1 N=8 openswoole json: p99 295.00us 951608.35 req/s 
00:14:31 lo r1 N=8 openswoole wait: p99 10.59ms 12493.88 req/s 
00:14:44 lo r1 N=8 openswoole page: p99 1.43ms 213031.02 req/s 
00:15:00 lo r1 N=8 react hello: p99 279.00us 618385.61 req/s 
00:15:13 lo r1 N=8 react json: p99 334.00us 606885.75 req/s 
00:15:27 lo r1 N=8 react wait: p99 10.65ms 12095.27 req/s 
00:15:40 lo r1 N=8 react page: p99 0.88ms 198640.85 req/s 
00:15:56 lo r2 N=2 swerve hello: p99 198.00us 219190.73 req/s 
00:16:09 lo r2 N=2 swerve json: p99 183.00us 215519.14 req/s 
00:16:23 lo r2 N=2 swerve wait: p99 10.23ms 3134.68 req/s 
00:16:36 lo r2 N=2 swerve page: p99 563.00us 57870.18 req/s 
00:16:52 lo r2 N=2 swerve-ext hello: p99 298.00us 215105.08 req/s 
00:17:06 lo r2 N=2 swerve-ext json: p99 215.00us 210954.31 req/s 
00:17:19 lo r2 N=2 swerve-ext wait: p99 10.31ms 3118.43 req/s 
00:17:33 lo r2 N=2 swerve-ext page: p99 1.26ms 57590.44 req/s 
00:17:48 lo r2 N=2 rr hello: p99 761.00us 80997.16 req/s 
00:18:02 lo r2 N=2 rr json: p99 755.00us 80325.36 req/s 
00:18:15 lo r2 N=2 rr wait: p99 219.11ms 195.39 req/s 
00:18:29 lo r2 N=2 rr page: p99 1.44ms 32304.29 req/s 
00:18:45 lo r2 N=2 franken hello: p99 290.00us 222552.82 req/s 
00:18:59 lo r2 N=2 franken json: p99 290.00us 221206.58 req/s 
00:19:12 lo r2 N=2 franken wait: p99 161.17ms 195.24 req/s 
00:19:26 lo r2 N=2 franken page: p99 0.97ms 45039.79 req/s 
00:19:41 lo r2 N=2 swoole hello: p99 266.00us 255308.05 req/s 
00:19:55 lo r2 N=2 swoole json: p99 240.00us 252035.69 req/s 
00:20:08 lo r2 N=2 swoole wait: p99 10.57ms 3133.57 req/s 
00:20:22 lo r2 N=2 swoole page: p99 1.19ms 60670.82 req/s 
00:20:37 lo r2 N=2 openswoole hello: p99 261.00us 246221.94 req/s 
00:20:50 lo r2 N=2 openswoole json: p99 314.00us 242453.58 req/s 
00:21:04 lo r2 N=2 openswoole wait: p99 10.58ms 3134.42 req/s 
00:21:17 lo r2 N=2 openswoole page: p99 1.47ms 56826.15 req/s 
00:21:33 lo r2 N=2 react hello: p99 220.00us 159614.51 req/s 
00:21:46 lo r2 N=2 react json: p99 221.00us 158418.79 req/s 
00:22:00 lo r2 N=2 react wait: p99 10.50ms 3072.83 req/s 
00:22:13 lo r2 N=2 react page: p99 697.00us 52979.19 req/s 
00:22:29 lo r2 N=8 swerve hello: p99 220.00us 859700.76 req/s 
00:22:42 lo r2 N=8 swerve json: p99 205.00us 846669.30 req/s 
00:22:56 lo r2 N=8 swerve wait: p99 10.28ms 12509.19 req/s 
00:23:09 lo r2 N=8 swerve page: p99 1.03ms 213946.44 req/s 
00:23:25 lo r2 N=8 swerve-ext hello: p99 335.00us 842592.45 req/s 
00:23:39 lo r2 N=8 swerve-ext json: p99 341.00us 834171.14 req/s 
00:23:52 lo r2 N=8 swerve-ext wait: p99 10.39ms 12334.69 req/s 
00:24:06 lo r2 N=8 swerve-ext page: p99 1.24ms 212499.48 req/s 
00:24:22 lo r2 N=8 rr hello: p99 1.35ms 143550.27 req/s 
00:24:35 lo r2 N=8 rr json: p99 1.36ms 141687.46 req/s 
00:24:49 lo r2 N=8 rr wait: p99 161.73ms 780.27 req/s 
00:25:02 lo r2 N=8 rr page: p99 2.10ms 81788.23 req/s 
00:25:19 lo r2 N=8 franken hello: p99 1.10ms 373566.51 req/s 
00:25:32 lo r2 N=8 franken json: p99 1.10ms 373725.56 req/s 
00:25:46 lo r2 N=8 franken wait: p99 161.24ms 782.16 req/s 
00:26:00 lo r2 N=8 franken page: p99 1.41ms 124267.86 req/s 
00:26:15 lo r2 N=8 swoole hello: p99 287.00us 1013610.23 req/s 
00:26:29 lo r2 N=8 swoole json: p99 301.00us 994248.48 req/s 
00:26:42 lo r2 N=8 swoole wait: p99 10.53ms 12514.46 req/s 
00:26:56 lo r2 N=8 swoole page: p99 1.46ms 218846.53 req/s 
00:27:11 lo r2 N=8 openswoole hello: p99 332.00us 968420.53 req/s 
00:27:25 lo r2 N=8 openswoole json: p99 300.00us 952819.34 req/s 
00:27:38 lo r2 N=8 openswoole wait: p99 10.55ms 12511.37 req/s 
00:27:52 lo r2 N=8 openswoole page: p99 1.47ms 217502.42 req/s 
00:28:08 lo r2 N=8 react hello: p99 293.00us 616321.59 req/s 
00:28:21 lo r2 N=8 react json: p99 267.00us 612924.89 req/s 
00:28:35 lo r2 N=8 react wait: p99 10.73ms 12039.55 req/s 
00:28:48 lo r2 N=8 react page: p99 0.89ms 200752.91 req/s 
