00:45:28 lo r1 N=2 rr+gogc400 hello: p99 480.00us 82494.41 req/s 
00:45:42 lo r1 N=2 rr+gogc400 json: p99 487.00us 81739.61 req/s 
00:45:55 lo r1 N=2 rr+gogc400 page: p99 1.32ms 33313.99 req/s 
00:46:12 lo r1 N=2 franken+gogc400 hello: p99 244.00us 238896.33 req/s 
00:46:25 lo r1 N=2 franken+gogc400 json: p99 245.00us 237794.87 req/s 
00:46:39 lo r1 N=2 franken+gogc400 page: p99 828.00us 46956.61 req/s 
00:46:54 lo r1 N=8 rr+gogc400 hello: p99 1.14ms 145380.74 req/s 
00:47:08 lo r1 N=8 rr+gogc400 json: p99 1.16ms 143429.33 req/s 
00:47:21 lo r1 N=8 rr+gogc400 page: p99 2.06ms 85635.37 req/s 
00:47:38 lo r1 N=8 franken+gogc400 hello: p99 844.00us 456379.22 req/s 
00:47:51 lo r1 N=8 franken+gogc400 json: p99 848.00us 454440.20 req/s 
00:48:05 lo r1 N=8 franken+gogc400 page: p99 1.26ms 134558.76 req/s 
00:48:21 lo r2 N=2 rr+gogc400 hello: p99 470.00us 82714.57 req/s 
00:48:34 lo r2 N=2 rr+gogc400 json: p99 476.00us 82091.15 req/s 
00:48:48 lo r2 N=2 rr+gogc400 page: p99 1.30ms 33303.57 req/s 
00:49:04 lo r2 N=2 franken+gogc400 hello: p99 242.00us 244072.18 req/s 
00:49:18 lo r2 N=2 franken+gogc400 json: p99 241.00us 241396.78 req/s 
00:49:31 lo r2 N=2 franken+gogc400 page: p99 842.00us 46996.45 req/s 
00:49:47 lo r2 N=8 rr+gogc400 hello: p99 1.16ms 142174.02 req/s 
00:50:00 lo r2 N=8 rr+gogc400 json: p99 1.17ms 140674.85 req/s 
00:50:14 lo r2 N=8 rr+gogc400 page: p99 2.07ms 84733.17 req/s 
00:50:30 lo r2 N=8 franken+gogc400 hello: p99 842.00us 457136.58 req/s 
00:50:44 lo r2 N=8 franken+gogc400 json: p99 840.00us 456190.02 req/s 
00:50:57 lo r2 N=8 franken+gogc400 page: p99 1.26ms 135396.39 req/s 
00:51:15 lo r1 N=2 rr*16 wait: p99 10.21ms 3151.97 req/s 
00:51:32 lo r1 N=2 franken*16 wait: p99 20.19ms 3018.97 req/s 
00:51:48 lo r1 N=8 rr*16 wait: p99 10.36ms 12574.30 req/s 
00:52:06 lo r1 N=8 franken*16 wait: p99 15.50ms 12319.27 req/s 
00:52:21 lo r2 N=2 rr*16 wait: p99 10.19ms 3155.49 req/s 
00:52:38 lo r2 N=2 franken*16 wait: p99 15.46ms 3120.75 req/s 
00:52:55 lo r2 N=8 rr*16 wait: p99 10.29ms 12521.33 req/s 
00:53:12 lo r2 N=8 franken*16 wait: p99 59.62ms 11299.23 req/s 
00:53:30 lo r1 N=2 franken hello: p99 284.00us 236816.65 req/s 
00:53:43 lo r1 N=2 franken json: p99 284.00us 234971.59 req/s 
00:53:57 lo r1 N=2 franken page: p99 1.02ms 44414.26 req/s 
00:54:12 lo r1 N=8 franken hello: p99 1.09ms 389096.88 req/s 
00:54:26 lo r1 N=8 franken json: p99 1.05ms 390699.93 req/s 
00:54:40 lo r1 N=8 franken page: p99 2.04ms 80383.88 req/s 
00:54:55 lo r2 N=2 franken hello: p99 285.00us 234609.68 req/s 
00:55:09 lo r2 N=2 franken json: p99 285.00us 232770.65 req/s 
00:55:22 lo r2 N=2 franken page: p99 1.02ms 44296.67 req/s 
00:55:38 lo r2 N=8 franken hello: p99 1.04ms 386926.11 req/s 
00:55:52 lo r2 N=8 franken json: p99 1.03ms 386919.04 req/s 
00:56:05 lo r2 N=8 franken page: p99 2.06ms 79419.91 req/s 
