23:50:19 lo r1 N=2 swerve wait1k: p99 10.70ms 95339.13 req/s 
23:50:32 lo r1 N=2 swerve wait10k: p99 12.49ms [  Socket errors: connect 0, read 154, write 0, timeout 0] 178641.64 req/s 
23:50:48 lo r1 N=2 swerve-ext wait1k: p99 14.91ms 77875.49 req/s 
23:51:02 lo r1 N=2 swerve-ext wait10k: p99 73.91ms 151966.62 req/s 
23:51:17 lo r1 N=2 swoole wait1k: p99 12.37ms 89887.26 req/s 
23:51:31 lo r1 N=2 swoole wait10k: p99 51.20ms 254970.68 req/s 
23:51:47 lo r1 N=2 openswoole wait1k: p99 12.85ms 89469.35 req/s 
23:52:00 lo r1 N=2 openswoole wait10k: p99 63.53ms 165379.98 req/s 
23:52:16 lo r1 N=2 react wait1k: p99 14.70ms 76673.83 req/s 
23:52:30 lo r1 N=2 react wait10k: p99 4.23s 83622.41 req/s 
23:52:45 lo r1 N=8 swerve wait1k: p99 10.44ms 96290.81 req/s 
23:52:59 lo r1 N=8 swerve wait10k: p99 16.97ms [  Socket errors: connect 0, read 858, write 0, timeout 0] 578607.63 req/s 
23:53:15 lo r1 N=8 swerve-ext wait1k: p99 11.90ms 86238.51 req/s 
23:53:29 lo r1 N=8 swerve-ext wait10k: p99 21.19ms 514037.23 req/s 
23:53:44 lo r1 N=8 swoole wait1k: p99 11.44ms 94403.60 req/s 
23:53:58 lo r1 N=8 swoole wait10k: p99 14.62ms 833865.33 req/s 
23:54:14 lo r1 N=8 openswoole wait1k: p99 11.57ms 93165.83 req/s 
23:54:27 lo r1 N=8 openswoole wait10k: p99 15.06ms 825924.11 req/s 
23:54:43 lo r1 N=8 react wait1k: p99 12.22ms 86859.99 req/s 
23:54:57 lo r1 N=8 react wait10k: p99 719.76ms 242478.03 req/s 
23:55:13 lo r2 N=2 swerve wait1k: p99 10.69ms 95528.73 req/s 
23:55:26 lo r2 N=2 swerve wait10k: p99 12.62ms [  Socket errors: connect 0, read 266, write 0, timeout 0] 176686.26 req/s 
23:55:42 lo r2 N=2 swerve-ext wait1k: p99 15.27ms 74499.59 req/s 
23:55:56 lo r2 N=2 swerve-ext wait10k: p99 71.18ms 153825.32 req/s 
23:56:11 lo r2 N=2 swoole wait1k: p99 12.95ms 89503.11 req/s 
23:56:25 lo r2 N=2 swoole wait10k: p99 48.04ms 253506.02 req/s 
23:56:41 lo r2 N=2 openswoole wait1k: p99 12.73ms 89189.60 req/s 
23:56:54 lo r2 N=2 openswoole wait10k: p99 66.07ms 164109.85 req/s 
23:57:10 lo r2 N=2 react wait1k: p99 13.85ms 75643.71 req/s 
23:57:24 lo r2 N=2 react wait10k: p99 3.83s 79060.44 req/s 
23:57:39 lo r2 N=8 swerve wait1k: p99 10.45ms 95962.33 req/s 
23:57:53 lo r2 N=8 swerve wait10k: p99 15.61ms [  Socket errors: connect 0, read 911, write 0, timeout 0] 571952.30 req/s 
23:58:09 lo r2 N=8 swerve-ext wait1k: p99 11.77ms 86274.24 req/s 
23:58:23 lo r2 N=8 swerve-ext wait10k: p99 21.32ms 520427.33 req/s 
23:58:38 lo r2 N=8 swoole wait1k: p99 11.52ms 94088.61 req/s 
23:58:52 lo r2 N=8 swoole wait10k: p99 14.65ms 830692.53 req/s 
23:59:08 lo r2 N=8 openswoole wait1k: p99 11.55ms 94535.67 req/s 
23:59:21 lo r2 N=8 openswoole wait10k: p99 15.18ms 823447.46 req/s 
23:59:37 lo r2 N=8 react wait1k: p99 12.38ms 85682.36 req/s 
23:59:51 lo r2 N=8 react wait10k: p99 51.62ms 246679.53 req/s 
