05:13:17 r1 N=2 laravel swoole-process json: p99 5.57ms 5802.53 req/s 
05:13:32 r1 N=2 laravel swoole-process session: p99 81.66ms 1444.23 req/s 
05:13:45 r1 N=2 laravel swoole-process wait: p99 253.33ms 188.57 req/s 
05:13:59 r1 N=2 laravel swoole-process wait1k: p99 9.95s [  Socket errors: connect 0, read 0, write 0, timeout 2] 92.92 req/s 
05:14:14 r1 N=2 symfony swoole-process json: p99 1.08ms 65495.77 req/s 
05:14:27 r1 N=2 symfony swoole-process session: p99 85.28ms 5726.23 req/s 
05:14:41 r1 N=2 symfony swoole-process wait: p99 284.15ms 195.54 req/s 
05:14:54 r1 N=2 symfony swoole-process wait1k: p99 9.85s 100.60 req/s 
05:15:19 r1 N=8 laravel swoole-process json: p99 6.29ms 21123.37 req/s 
05:15:33 r1 N=8 laravel swoole-process session: p99 97.58ms 5635.84 req/s 
05:15:46 r1 N=8 laravel swoole-process wait: p99 316.34ms 754.60 req/s 
05:16:00 r1 N=8 laravel swoole-process wait1k: p99 2.42s 665.29 req/s 
05:16:15 r1 N=8 symfony swoole-process json: p99 1.47ms 171408.03 req/s 
05:16:29 r1 N=8 symfony swoole-process session: p99 104.22ms 7952.85 req/s 
05:16:42 r1 N=8 symfony swoole-process wait: p99 324.53ms 783.69 req/s 
05:16:55 r1 N=8 symfony swoole-process wait1k: p99 2.30s 695.90 req/s 
05:17:10 r2 N=2 laravel swoole-process json: p99 5.61ms 5774.52 req/s 
05:17:25 r2 N=2 laravel swoole-process session: p99 75.60ms 1449.12 req/s 
05:17:38 r2 N=2 laravel swoole-process wait: p99 211.44ms 188.66 req/s 
05:17:51 r2 N=2 laravel swoole-process wait1k: p99 9.96s [  Socket errors: connect 0, read 0, write 0, timeout 1] 92.45 req/s 
05:18:06 r2 N=2 symfony swoole-process json: p99 1.07ms 64919.88 req/s 
05:18:20 r2 N=2 symfony swoole-process session: p99 85.00ms 5767.32 req/s 
05:18:33 r2 N=2 symfony swoole-process wait: p99 284.28ms 194.47 req/s 
05:18:46 r2 N=2 symfony swoole-process wait1k: p99 9.85s 101.94 req/s 
05:19:12 r2 N=8 laravel swoole-process json: p99 6.31ms 21129.05 req/s 
05:19:26 r2 N=8 laravel swoole-process session: p99 99.58ms 5507.90 req/s 
05:19:39 r2 N=8 laravel swoole-process wait: p99 328.01ms 752.62 req/s 
05:19:52 r2 N=8 laravel swoole-process wait1k: p99 2.39s 670.08 req/s 
05:20:07 r2 N=8 symfony swoole-process json: p99 1.48ms 169863.01 req/s 
05:20:21 r2 N=8 symfony swoole-process session: p99 116.46ms 7909.69 req/s 
05:20:34 r2 N=8 symfony swoole-process wait: p99 314.36ms 782.83 req/s 
05:20:48 r2 N=8 symfony swoole-process wait1k: p99 2.29s 700.54 req/s 
