03:39:52 r1 N=2 laravel swerve json: p99 91.58ms 4985.79 req/s 
03:40:07 r1 N=2 laravel swerve session: p99 85.31ms 1412.42 req/s 
03:40:20 r1 N=2 laravel swerve wait: p99 357.49ms 187.21 req/s 
03:40:33 r1 N=2 laravel swerve wait1k: p99 9.77s [  Socket errors: connect 0, read 1, write 0, timeout 0] 181.58 req/s 
03:40:58 r1 N=2 laravel swerve-ext json: p99 7.75ms 4918.23 req/s 
03:41:13 r1 N=2 laravel swerve-ext session: p99 77.22ms 1390.46 req/s 
03:41:26 r1 N=2 laravel swerve-ext wait: p99 192.53ms 188.62 req/s 
03:41:40 r1 N=2 laravel swerve-ext wait1k: p99 9.94s [  Socket errors: connect 0, read 0, write 0, timeout 2] 88.12 req/s 
03:42:00 r1 N=2 laravel rr json: p99 5.74ms 5953.17 req/s 
03:42:15 r1 N=2 laravel rr session: p99 34.33ms 1449.60 req/s 
03:42:28 r1 N=2 laravel rr wait: p99 235.35ms 185.68 req/s 
03:42:41 r1 N=2 laravel rr wait1k: p99 9.95s [  Socket errors: connect 0, read 0, write 0, timeout 3] 92.18 req/s 
03:42:56 r1 N=2 laravel franken json: p99 5.59ms 6283.23 req/s 
03:43:11 r1 N=2 laravel franken session: p99 34.01ms 1454.07 req/s 
03:43:24 r1 N=2 laravel franken wait: p99 231.02ms 187.25 req/s 
03:43:37 r1 N=2 laravel franken wait1k: p99 9.95s [  Socket errors: connect 0, read 0, write 0, timeout 2] 93.32 req/s 
03:44:03 r1 N=2 laravel swoole json: p99 10.59ms 5691.92 req/s 
03:44:17 r1 N=2 laravel swoole session: p99 83.44ms 1468.60 req/s 
03:44:30 r1 N=2 laravel swoole wait: p99 338.56ms 94.80 req/s 
03:44:44 r1 N=2 laravel swoole wait1k: p99 9.74s 93.10 req/s 
03:44:59 r1 N=2 symfony swerve json: p99 2.73ms 25460.40 req/s 
03:45:13 r1 N=2 symfony swerve session: p99 85.90ms 4027.25 req/s 
03:45:26 r1 N=2 symfony swerve wait: p99 284.99ms 195.09 req/s 
03:45:39 r1 N=2 symfony swerve wait1k: p99 9.07s 106.14 req/s 
03:45:59 r1 N=2 symfony swerve-ext json: p99 2.62ms 26417.45 req/s 
03:46:13 r1 N=2 symfony swerve-ext session: p99 84.90ms 4117.27 req/s 
03:46:26 r1 N=2 symfony swerve-ext wait: p99 21.96ms 2652.90 req/s 
03:46:39 r1 N=2 symfony swerve-ext wait1k: p99 482.60ms 2808.24 req/s 
03:46:54 r1 N=2 symfony rr json: p99 1.93ms 27095.60 req/s 
03:47:08 r1 N=2 symfony rr session: p99 62.44ms 4217.91 req/s 
03:47:21 r1 N=2 symfony rr wait: p99 165.08ms 194.06 req/s 
03:47:35 r1 N=2 symfony rr wait1k: p99 9.94s 100.20 req/s 
03:47:56 r1 N=2 symfony franken json: p99 1.33ms 35433.50 req/s 
03:48:10 r1 N=2 symfony franken session: p99 62.05ms 4279.46 req/s 
03:48:23 r1 N=2 symfony franken wait: p99 225.06ms 193.58 req/s 
03:48:36 r1 N=2 symfony franken wait1k: p99 9.90s 100.27 req/s 
03:49:01 r1 N=2 symfony swoole json: p99 1.22ms 56122.75 req/s 
03:49:15 r1 N=2 symfony swoole session: p99 94.96ms 1570.87 req/s 
03:49:28 r1 N=2 symfony swoole wait: p99 325.20ms 98.59 req/s 
03:49:41 r1 N=2 symfony swoole wait1k: p99 9.35s 100.10 req/s 
03:49:59 r1 N=2 slim swerve json: p99 194.00us 181375.16 req/s 
03:50:12 r1 N=2 slim swerve wait: p99 10.24ms 3144.38 req/s 
03:50:26 r1 N=2 slim swerve wait1k: p99 10.90ms 96313.22 req/s 
03:50:40 r1 N=2 slim swerve-ext json: p99 360.00us 178231.32 req/s 
03:50:53 r1 N=2 slim swerve-ext wait: p99 10.40ms 3101.79 req/s 
03:51:07 r1 N=2 slim swerve-ext wait1k: p99 13.57ms 81691.11 req/s 
03:51:21 r1 N=2 slim rr json: p99 799.00us 74967.82 req/s 
03:51:35 r1 N=2 slim rr wait: p99 162.22ms 196.88 req/s 
03:51:48 r1 N=2 slim rr wait1k: p99 9.83s 102.55 req/s 
03:52:08 r1 N=2 slim franken json: p99 321.00us 187222.04 req/s 
03:52:22 r1 N=2 slim franken wait: p99 161.24ms 197.16 req/s 
03:52:35 r1 N=2 slim franken wait1k: p99 9.81s 101.69 req/s 
03:53:00 r1 N=2 slim swoole json: p99 354.00us 214797.56 req/s 
03:53:13 r1 N=2 slim swoole wait: p99 10.58ms 3148.52 req/s 
03:53:26 r1 N=2 slim swoole wait1k: p99 12.80ms 88669.66 req/s 
03:53:41 r1 N=2 slim react json: p99 292.00us 140399.28 req/s 
03:53:54 r1 N=2 slim react wait: p99 10.57ms 3049.38 req/s 
03:54:07 r1 N=2 slim react wait1k: p99 16.67ms 69851.06 req/s 
03:54:22 r1 N=2 spiral swerve json: p99 6.21ms 5319.33 req/s 
03:54:36 r1 N=2 spiral swerve session: p99 9.07ms 4003.65 req/s 
03:54:49 r1 N=2 spiral swerve wait: p99 210.46ms 189.14 req/s 
03:55:02 r1 N=2 spiral swerve wait1k: p99 9.95s [  Socket errors: connect 0, read 0, write 0, timeout 2] 93.53 req/s 
03:55:22 r1 N=2 spiral swerve-ext json: p99 7.67ms 5328.80 req/s 
03:55:36 r1 N=2 spiral swerve-ext session: p99 10.01ms 3824.12 req/s 
03:55:49 r1 N=2 spiral swerve-ext wait: p99 231.89ms 188.70 req/s 
03:56:02 r1 N=2 spiral swerve-ext wait1k: p99 9.95s [  Socket errors: connect 0, read 0, write 0, timeout 2] 87.13 req/s 
03:56:22 r1 N=2 spiral rr json: p99 5.00ms 7336.71 req/s 
03:56:36 r1 N=2 spiral rr session: p99 7.09ms 5108.70 req/s 
03:56:49 r1 N=2 spiral rr wait: p99 168.24ms 190.07 req/s 
03:57:02 r1 N=2 spiral rr wait1k: p99 9.95s [  Socket errors: connect 0, read 0, write 0, timeout 2] 94.90 req/s 
03:57:23 r1 N=2 yii swerve json: p99 746.00us 51710.46 req/s 
03:57:37 r1 N=2 yii swerve session: p99 1.07ms 38382.04 req/s 
03:57:50 r1 N=2 yii swerve wait: p99 212.84ms 196.14 req/s 
03:58:03 r1 N=2 yii swerve wait1k: p99 9.86s 100.60 req/s 
03:58:23 r1 N=2 yii swerve-ext json: p99 1.21ms 50755.97 req/s 
03:58:37 r1 N=2 yii swerve-ext session: p99 1.18ms 37579.97 req/s 
03:58:50 r1 N=2 yii swerve-ext wait: p99 183.04ms 195.87 req/s 
03:59:03 r1 N=2 yii swerve-ext wait1k: p99 9.96s [  Socket errors: connect 0, read 0, write 0, timeout 2] 93.69 req/s 
03:59:23 r1 N=2 yii rr json: p99 1.45ms 36961.26 req/s 
03:59:37 r1 N=2 yii rr session: p99 1.74ms 28233.33 req/s 
03:59:50 r1 N=2 yii rr wait: p99 163.11ms 195.59 req/s 
04:00:03 r1 N=2 yii rr wait1k: p99 9.91s 100.71 req/s 
04:00:24 r1 N=2 codeigniter swerve json: p99 7.12ms 5402.90 req/s 
04:00:38 r1 N=2 codeigniter swerve session: p99 8.31ms 4191.86 req/s 
04:00:51 r1 N=2 codeigniter swerve wait: p99 242.29ms 186.73 req/s 
04:01:04 r1 N=2 codeigniter swerve wait1k: p99 9.95s [  Socket errors: connect 0, read 0, write 0, timeout 2] 88.65 req/s 
04:01:24 r1 N=2 codeigniter swerve-ext json: p99 7.49ms 5238.67 req/s 
04:01:38 r1 N=2 codeigniter swerve-ext session: p99 9.27ms 4083.17 req/s 
04:01:51 r1 N=2 codeigniter swerve-ext wait: p99 201.78ms 186.98 req/s 
04:02:04 r1 N=2 codeigniter swerve-ext wait1k: p99 9.95s [  Socket errors: connect 0, read 0, write 0, timeout 2] 76.94 req/s 
04:02:24 r1 N=2 codeigniter franken json: p99 6.76ms 5062.58 req/s 
04:02:38 r1 N=2 codeigniter franken session: p99 15.51ms 3363.65 req/s 
04:02:51 r1 N=2 codeigniter franken wait: p99 170.24ms 187.79 req/s 
04:03:05 r1 N=2 codeigniter franken wait1k: p99 9.95s [  Socket errors: connect 0, read 0, write 0, timeout 2] 91.73 req/s 
04:03:24 r1 N=8 laravel swerve json: p99 109.07ms 18587.07 req/s 
04:03:39 r1 N=8 laravel swerve session: p99 122.58ms 5818.09 req/s 
04:03:52 r1 N=8 laravel swerve wait: p99 462.79ms 748.73 req/s 
04:04:05 r1 N=8 laravel swerve wait1k: p99 4.64s 653.89 req/s 
04:04:21 r1 N=8 laravel swerve-ext json: p99 10.45ms 18291.79 req/s 
04:04:35 r1 N=8 laravel swerve-ext session: p99 102.90ms 5870.53 req/s 
04:04:48 r1 N=8 laravel swerve-ext wait: p99 326.20ms 753.14 req/s 
04:05:02 r1 N=8 laravel swerve-ext wait1k: p99 2.68s 661.52 req/s 
04:05:19 r1 N=8 laravel rr json: p99 7.39ms 19142.34 req/s 
04:05:33 r1 N=8 laravel rr session: p99 41.64ms 5381.03 req/s 
04:05:46 r1 N=8 laravel rr wait: p99 232.82ms 742.67 req/s 
04:05:59 r1 N=8 laravel rr wait1k: p99 2.43s 664.52 req/s 
04:06:14 r1 N=8 laravel franken json: p99 6.43ms 21525.56 req/s 
04:06:28 r1 N=8 laravel franken session: p99 42.66ms 5206.69 req/s 
04:06:41 r1 N=8 laravel franken wait: p99 233.14ms 747.95 req/s 
04:06:55 r1 N=8 laravel franken wait1k: p99 2.40s 664.37 req/s 
04:07:20 r1 N=8 laravel swoole json: p99 22.64ms 19008.03 req/s 
04:07:34 r1 N=8 laravel swoole session: p99 121.35ms 5067.60 req/s 
04:07:47 r1 N=8 laravel swoole wait: p99 779.62ms 379.82 req/s 
04:08:00 r1 N=8 laravel swoole wait1k: p99 5.67s 432.35 req/s 
04:08:15 r1 N=8 symfony swerve json: p99 2.62ms 93138.11 req/s 
04:08:29 r1 N=8 symfony swerve session: p99 130.08ms 8534.99 req/s 
04:08:43 r1 N=8 symfony swerve wait: p99 335.81ms 779.61 req/s 
04:08:56 r1 N=8 symfony swerve wait1k: p99 2.41s 690.67 req/s 
04:09:12 r1 N=8 symfony swerve-ext json: p99 2.60ms 95280.82 req/s 
04:09:26 r1 N=8 symfony swerve-ext session: p99 119.11ms 8661.72 req/s 
04:09:39 r1 N=8 symfony swerve-ext wait: p99 22.07ms 10840.58 req/s 
04:09:52 r1 N=8 symfony swerve-ext wait1k: p99 101.31ms 11489.06 req/s 
04:10:07 r1 N=8 symfony rr json: p99 2.80ms 57425.16 req/s 
04:10:21 r1 N=8 symfony rr session: p99 50.31ms 7012.76 req/s 
04:10:34 r1 N=8 symfony rr wait: p99 164.66ms 776.61 req/s 
04:10:48 r1 N=8 symfony rr wait1k: p99 2.31s 693.61 req/s 
04:11:05 r1 N=8 symfony franken json: p99 1.91ms 88457.17 req/s 
04:11:19 r1 N=8 symfony franken session: p99 49.78ms 7100.07 req/s 
04:11:32 r1 N=8 symfony franken wait: p99 163.17ms 782.11 req/s 
04:11:46 r1 N=8 symfony franken wait1k: p99 2.30s 698.80 req/s 
04:12:11 r1 N=8 symfony swoole json: p99 1.44ms 209424.61 req/s 
04:12:25 r1 N=8 symfony swoole session: p99 122.39ms 8098.11 req/s 
04:12:38 r1 N=8 symfony swoole wait: p99 802.46ms 197.17 req/s 
04:12:51 r1 N=8 symfony swoole wait1k: p99 9.43s 441.90 req/s 
04:13:11 r1 N=8 slim swerve json: p99 253.00us 706207.16 req/s 
04:13:24 r1 N=8 slim swerve wait: p99 10.24ms 12577.79 req/s 
04:13:37 r1 N=8 slim swerve wait1k: p99 10.29ms 96750.25 req/s 
04:13:52 r1 N=8 slim swerve-ext json: p99 387.00us 699357.45 req/s 
04:14:05 r1 N=8 slim swerve-ext wait: p99 10.39ms 12427.44 req/s 
04:14:18 r1 N=8 slim swerve-ext wait1k: p99 12.13ms 85172.91 req/s 
04:14:33 r1 N=8 slim rr json: p99 1.46ms 131048.69 req/s 
04:14:46 r1 N=8 slim rr wait: p99 161.95ms 786.87 req/s 
04:15:00 r1 N=8 slim rr wait1k: p99 2.28s 704.45 req/s 
04:15:16 r1 N=8 slim franken json: p99 1.10ms 363741.03 req/s 
04:15:29 r1 N=8 slim franken wait: p99 161.24ms 788.62 req/s 
04:15:43 r1 N=8 slim franken wait1k: p99 2.29s 699.04 req/s 
04:15:59 r1 N=8 slim swoole json: p99 310.00us 826824.16 req/s 
04:16:12 r1 N=8 slim swoole wait: p99 10.61ms 12568.20 req/s 
04:16:25 r1 N=8 slim swoole wait1k: p99 12.13ms 92892.17 req/s 
04:16:40 r1 N=8 slim react json: p99 400.00us 546368.75 req/s 
04:16:53 r1 N=8 slim react wait: p99 10.72ms 12186.41 req/s 
04:17:06 r1 N=8 slim react wait1k: p99 12.83ms 81842.90 req/s 
04:17:21 r1 N=8 spiral swerve json: p99 7.62ms 19747.40 req/s 
04:17:35 r1 N=8 spiral swerve session: p99 10.78ms 14780.16 req/s 
04:17:48 r1 N=8 spiral swerve wait: p99 209.87ms 758.21 req/s 
04:18:01 r1 N=8 spiral swerve wait1k: p99 2.44s 667.88 req/s 
04:18:17 r1 N=8 spiral swerve-ext json: p99 9.88ms 19537.48 req/s 
04:18:31 r1 N=8 spiral swerve-ext session: p99 12.33ms 14462.65 req/s 
04:18:44 r1 N=8 spiral swerve-ext wait: p99 244.03ms 748.47 req/s 
04:18:57 r1 N=8 spiral swerve-ext wait1k: p99 2.52s 659.50 req/s 
04:19:14 r1 N=8 spiral rr json: p99 6.80ms 21374.63 req/s 
04:19:28 r1 N=8 spiral rr session: p99 8.89ms 16047.58 req/s 
04:19:41 r1 N=8 spiral rr wait: p99 169.20ms 755.31 req/s 
04:19:54 r1 N=8 spiral rr wait1k: p99 2.39s 665.39 req/s 
04:20:11 r1 N=8 yii swerve json: p99 0.89ms 197700.30 req/s 
04:20:25 r1 N=8 yii swerve session: p99 1.24ms 143300.33 req/s 
04:20:38 r1 N=8 yii swerve wait: p99 232.72ms 777.55 req/s 
04:20:51 r1 N=8 yii swerve wait1k: p99 2.39s 699.39 req/s 
04:21:07 r1 N=8 yii swerve-ext json: p99 1.32ms 192361.31 req/s 
04:21:21 r1 N=8 yii swerve-ext session: p99 1.62ms 142924.91 req/s 
04:21:34 r1 N=8 yii swerve-ext wait: p99 233.37ms 775.89 req/s 
04:21:47 r1 N=8 yii swerve-ext wait1k: p99 2.71s 688.85 req/s 
04:22:03 r1 N=8 yii rr json: p99 2.19ms 79842.24 req/s 
04:22:17 r1 N=8 yii rr session: p99 2.76ms 59096.61 req/s 
04:22:30 r1 N=8 yii rr wait: p99 221.02ms 773.28 req/s 
04:22:43 r1 N=8 yii rr wait1k: p99 2.33s 695.19 req/s 
04:23:00 r1 N=8 codeigniter swerve json: p99 8.74ms 20670.76 req/s 
04:23:14 r1 N=8 codeigniter swerve session: p99 12.07ms 16095.45 req/s 
04:23:27 r1 N=8 codeigniter swerve wait: p99 239.66ms 747.31 req/s 
04:23:40 r1 N=8 codeigniter swerve wait1k: p99 2.55s 662.47 req/s 
04:23:56 r1 N=8 codeigniter swerve-ext json: p99 9.02ms 20595.71 req/s 
04:24:10 r1 N=8 codeigniter swerve-ext session: p99 12.73ms 15927.43 req/s 
04:24:23 r1 N=8 codeigniter swerve-ext wait: p99 211.96ms 744.10 req/s 
04:24:37 r1 N=8 codeigniter swerve-ext wait1k: p99 2.54s 650.32 req/s 
04:24:53 r1 N=8 codeigniter franken json: p99 7.88ms 17811.94 req/s 
04:25:07 r1 N=8 codeigniter franken session: p99 21.14ms 11203.12 req/s 
04:25:20 r1 N=8 codeigniter franken wait: p99 171.13ms 748.97 req/s 
04:25:33 r1 N=8 codeigniter franken wait1k: p99 2.40s 661.25 req/s 
04:25:58 r2 N=2 laravel swerve json: p99 193.52ms 4935.79 req/s 
04:26:13 r2 N=2 laravel swerve session: p99 107.04ms 1399.64 req/s 
04:26:26 r2 N=2 laravel swerve wait: p99 430.79ms 186.82 req/s 
04:26:39 r2 N=2 laravel swerve wait1k: p99 9.63s [  Socket errors: connect 0, read 0, write 0, timeout 4] 182.49 req/s 
04:27:04 r2 N=2 laravel swerve-ext json: p99 7.69ms 4940.75 req/s 
04:27:19 r2 N=2 laravel swerve-ext session: p99 73.57ms 1408.47 req/s 
04:27:32 r2 N=2 laravel swerve-ext wait: p99 317.84ms 186.85 req/s 
04:27:46 r2 N=2 laravel swerve-ext wait1k: p99 9.95s [  Socket errors: connect 0, read 0, write 0, timeout 2] 88.68 req/s 
04:28:06 r2 N=2 laravel rr json: p99 5.88ms 5930.88 req/s 
04:28:20 r2 N=2 laravel rr session: p99 33.73ms 1453.69 req/s 
04:28:34 r2 N=2 laravel rr wait: p99 169.83ms 188.36 req/s 
04:28:47 r2 N=2 laravel rr wait1k: p99 9.95s [  Socket errors: connect 0, read 0, write 0, timeout 2] 92.54 req/s 
04:29:02 r2 N=2 laravel franken json: p99 5.58ms 6186.72 req/s 
04:29:16 r2 N=2 laravel franken session: p99 32.87ms 1437.12 req/s 
04:29:29 r2 N=2 laravel franken wait: p99 236.30ms 187.11 req/s 
04:29:43 r2 N=2 laravel franken wait1k: p99 9.95s [  Socket errors: connect 0, read 0, write 0, timeout 2] 92.88 req/s 
04:30:08 r2 N=2 laravel swoole json: p99 10.70ms 5645.18 req/s 
04:30:23 r2 N=2 laravel swoole session: p99 78.77ms 1439.57 req/s 
04:30:36 r2 N=2 laravel swoole wait: p99 337.27ms 94.96 req/s 
04:30:49 r2 N=2 laravel swoole wait1k: p99 9.70s 92.86 req/s 
04:31:04 r2 N=2 symfony swerve json: p99 2.23ms 26514.91 req/s 
04:31:19 r2 N=2 symfony swerve session: p99 86.21ms 4058.76 req/s 
04:31:32 r2 N=2 symfony swerve wait: p99 294.87ms 193.41 req/s 
04:31:45 r2 N=2 symfony swerve wait1k: p99 9.09s 106.44 req/s 
04:32:04 r2 N=2 symfony swerve-ext json: p99 2.23ms 26203.72 req/s 
04:32:19 r2 N=2 symfony swerve-ext session: p99 84.27ms 4079.99 req/s 
04:32:32 r2 N=2 symfony swerve-ext wait: p99 22.00ms 2569.80 req/s 
04:32:45 r2 N=2 symfony swerve-ext wait1k: p99 464.00ms 2817.13 req/s 
04:33:00 r2 N=2 symfony rr json: p99 1.92ms 27393.51 req/s 
04:33:14 r2 N=2 symfony rr session: p99 62.88ms 4177.22 req/s 
04:33:27 r2 N=2 symfony rr wait: p99 165.25ms 194.77 req/s 
04:33:40 r2 N=2 symfony rr wait1k: p99 9.94s 100.07 req/s 
04:34:02 r2 N=2 symfony franken json: p99 1.28ms 36482.81 req/s 
04:34:16 r2 N=2 symfony franken session: p99 62.46ms 4324.49 req/s 
04:34:29 r2 N=2 symfony franken wait: p99 226.39ms 193.55 req/s 
04:34:42 r2 N=2 symfony franken wait1k: p99 9.90s 101.01 req/s 
04:35:07 r2 N=2 symfony swoole json: p99 1.29ms 56237.53 req/s 
04:35:21 r2 N=2 symfony swoole session: p99 96.79ms 1562.52 req/s 
04:35:34 r2 N=2 symfony swoole wait: p99 627.43ms 98.68 req/s 
04:35:47 r2 N=2 symfony swoole wait1k: p99 9.44s 99.31 req/s 
04:36:05 r2 N=2 slim swerve json: p99 195.00us 180230.89 req/s 
04:36:18 r2 N=2 slim swerve wait: p99 10.24ms 3136.83 req/s 
04:36:31 r2 N=2 slim swerve wait1k: p99 10.92ms 96330.02 req/s 
04:36:46 r2 N=2 slim swerve-ext json: p99 359.00us 178637.08 req/s 
04:36:59 r2 N=2 slim swerve-ext wait: p99 10.38ms 3103.41 req/s 
04:37:13 r2 N=2 slim swerve-ext wait1k: p99 13.64ms 81865.86 req/s 
04:37:27 r2 N=2 slim rr json: p99 803.00us 75016.95 req/s 
04:37:40 r2 N=2 slim rr wait: p99 161.74ms 196.95 req/s 
04:37:54 r2 N=2 slim rr wait1k: p99 9.82s 102.47 req/s 
04:38:14 r2 N=2 slim franken json: p99 320.00us 189308.65 req/s 
04:38:27 r2 N=2 slim franken wait: p99 161.28ms 197.13 req/s 
04:38:41 r2 N=2 slim franken wait1k: p99 9.80s 101.96 req/s 
04:39:06 r2 N=2 slim swoole json: p99 299.00us 213618.73 req/s 
04:39:19 r2 N=2 slim swoole wait: p99 10.48ms 3153.46 req/s 
04:39:32 r2 N=2 slim swoole wait1k: p99 12.66ms 88948.88 req/s 
04:39:46 r2 N=2 slim react json: p99 264.00us 140416.96 req/s 
04:40:00 r2 N=2 slim react wait: p99 10.55ms 3057.76 req/s 
04:40:13 r2 N=2 slim react wait1k: p99 16.00ms 68870.70 req/s 
04:40:27 r2 N=2 spiral swerve json: p99 6.47ms 5372.91 req/s 
04:40:41 r2 N=2 spiral swerve session: p99 8.80ms 3978.31 req/s 
04:40:54 r2 N=2 spiral swerve wait: p99 178.72ms 189.99 req/s 
04:41:08 r2 N=2 spiral swerve wait1k: p99 9.95s [  Socket errors: connect 0, read 0, write 0, timeout 2] 93.83 req/s 
04:41:28 r2 N=2 spiral swerve-ext json: p99 6.95ms 5335.55 req/s 
04:41:42 r2 N=2 spiral swerve-ext session: p99 10.54ms 3842.72 req/s 
04:41:55 r2 N=2 spiral swerve-ext wait: p99 179.74ms 188.65 req/s 
04:42:08 r2 N=2 spiral swerve-ext wait1k: p99 9.96s [  Socket errors: connect 0, read 0, write 0, timeout 1] 88.50 req/s 
04:42:28 r2 N=2 spiral rr json: p99 5.13ms 7316.13 req/s 
04:42:42 r2 N=2 spiral rr session: p99 7.02ms 5122.41 req/s 
04:42:55 r2 N=2 spiral rr wait: p99 167.78ms 190.26 req/s 
04:43:08 r2 N=2 spiral rr wait1k: p99 9.95s [  Socket errors: connect 0, read 0, write 0, timeout 2] 95.09 req/s 
04:43:29 r2 N=2 yii swerve json: p99 668.00us 51802.64 req/s 
04:43:43 r2 N=2 yii swerve session: p99 1.07ms 38177.07 req/s 
04:43:56 r2 N=2 yii swerve wait: p99 172.24ms 196.07 req/s 
04:44:09 r2 N=2 yii swerve wait1k: p99 9.89s [  Socket errors: connect 0, read 0, write 0, timeout 1] 101.06 req/s 
04:44:29 r2 N=2 yii swerve-ext json: p99 1.18ms 50887.63 req/s 
04:44:43 r2 N=2 yii swerve-ext session: p99 1.42ms 37925.44 req/s 
04:44:56 r2 N=2 yii swerve-ext wait: p99 172.86ms 195.98 req/s 
04:45:09 r2 N=2 yii swerve-ext wait1k: p99 9.90s [  Socket errors: connect 0, read 0, write 0, timeout 1] 95.80 req/s 
04:45:29 r2 N=2 yii rr json: p99 1.35ms 37085.27 req/s 
04:45:43 r2 N=2 yii rr session: p99 1.73ms 28144.89 req/s 
04:45:56 r2 N=2 yii rr wait: p99 163.02ms 195.48 req/s 
04:46:09 r2 N=2 yii rr wait1k: p99 9.90s 100.85 req/s 
04:46:30 r2 N=2 codeigniter swerve json: p99 6.66ms 5460.65 req/s 
04:46:44 r2 N=2 codeigniter swerve session: p99 8.77ms 4198.00 req/s 
04:46:57 r2 N=2 codeigniter swerve wait: p99 237.67ms 186.84 req/s 
04:47:10 r2 N=2 codeigniter swerve wait1k: p99 9.95s 89.12 req/s 
04:47:30 r2 N=2 codeigniter swerve-ext json: p99 7.19ms 5433.67 req/s 
04:47:44 r2 N=2 codeigniter swerve-ext session: p99 8.55ms 4173.65 req/s 
04:47:57 r2 N=2 codeigniter swerve-ext wait: p99 180.29ms 187.50 req/s 
04:48:10 r2 N=2 codeigniter swerve-ext wait1k: p99 9.96s [  Socket errors: connect 0, read 0, write 0, timeout 1] 74.36 req/s 
04:48:30 r2 N=2 codeigniter franken json: p99 6.78ms 5119.12 req/s 
04:48:44 r2 N=2 codeigniter franken session: p99 30.40ms 2807.96 req/s 
04:48:58 r2 N=2 codeigniter franken wait: p99 170.21ms 187.53 req/s 
04:49:11 r2 N=2 codeigniter franken wait1k: p99 9.95s [  Socket errors: connect 0, read 0, write 0, timeout 2] 91.48 req/s 
04:49:36 r2 N=8 laravel swerve json: p99 77.36ms 18475.29 req/s 
04:49:50 r2 N=8 laravel swerve session: p99 118.65ms 5842.67 req/s 
04:50:03 r2 N=8 laravel swerve wait: p99 484.22ms 748.39 req/s 
04:50:16 r2 N=8 laravel swerve wait1k: p99 4.93s 663.53 req/s 
04:50:33 r2 N=8 laravel swerve-ext json: p99 9.93ms 18570.59 req/s 
04:50:47 r2 N=8 laravel swerve-ext session: p99 99.81ms 5854.88 req/s 
04:51:00 r2 N=8 laravel swerve-ext wait: p99 211.68ms 754.25 req/s 
04:51:13 r2 N=8 laravel swerve-ext wait1k: p99 2.93s 661.22 req/s 
04:51:30 r2 N=8 laravel rr json: p99 7.33ms 19194.63 req/s 
04:51:44 r2 N=8 laravel rr session: p99 42.81ms 5454.71 req/s 
04:51:57 r2 N=8 laravel rr wait: p99 170.46ms 749.28 req/s 
04:52:11 r2 N=8 laravel rr wait1k: p99 2.41s 659.60 req/s 
04:52:26 r2 N=8 laravel franken json: p99 6.42ms 21541.04 req/s 
04:52:40 r2 N=8 laravel franken session: p99 43.85ms 5225.44 req/s 
04:52:53 r2 N=8 laravel franken wait: p99 168.83ms 754.86 req/s 
04:53:06 r2 N=8 laravel franken wait1k: p99 2.39s 664.91 req/s 
04:53:32 r2 N=8 laravel swoole json: p99 25.44ms 18859.79 req/s 
04:53:46 r2 N=8 laravel swoole session: p99 131.51ms 5070.77 req/s 
04:53:59 r2 N=8 laravel swoole wait: p99 706.86ms 474.40 req/s 
04:54:12 r2 N=8 laravel swoole wait1k: p99 5.94s 445.09 req/s 
04:54:27 r2 N=8 symfony swerve json: p99 2.62ms 95989.34 req/s 
04:54:41 r2 N=8 symfony swerve session: p99 132.49ms 8592.23 req/s 
04:54:54 r2 N=8 symfony swerve wait: p99 315.71ms 780.80 req/s 
04:55:08 r2 N=8 symfony swerve wait1k: p99 2.43s 692.61 req/s 
04:55:24 r2 N=8 symfony swerve-ext json: p99 2.71ms 97964.07 req/s 
04:55:38 r2 N=8 symfony swerve-ext session: p99 102.90ms 8613.05 req/s 
04:55:51 r2 N=8 symfony swerve-ext wait: p99 22.48ms 10068.75 req/s 
04:56:04 r2 N=8 symfony swerve-ext wait1k: p99 100.58ms 11505.55 req/s 
04:56:19 r2 N=8 symfony rr json: p99 2.79ms 57788.72 req/s 
04:56:33 r2 N=8 symfony rr session: p99 51.50ms 6822.62 req/s 
04:56:46 r2 N=8 symfony rr wait: p99 220.06ms 769.33 req/s 
04:56:59 r2 N=8 symfony rr wait1k: p99 2.34s 690.64 req/s 
04:57:17 r2 N=8 symfony franken json: p99 1.90ms 89441.07 req/s 
04:57:31 r2 N=8 symfony franken session: p99 50.49ms 7046.03 req/s 
04:57:44 r2 N=8 symfony franken wait: p99 163.13ms 780.96 req/s 
04:57:57 r2 N=8 symfony franken wait1k: p99 2.31s 693.94 req/s 
04:58:15 r2 N=8 symfony swoole json: p99 1.42ms 203068.64 req/s 
04:58:28 r2 N=8 symfony swoole session: p99 116.47ms 7320.67 req/s 
04:58:42 r2 N=8 symfony swoole wait: p99 1.19s 492.99 req/s 
04:58:55 r2 N=8 symfony swoole wait1k: p99 7.56s 536.89 req/s 
04:59:14 r2 N=8 slim swerve json: p99 224.00us 704754.46 req/s 
04:59:27 r2 N=8 slim swerve wait: p99 10.25ms 12566.55 req/s 
04:59:40 r2 N=8 slim swerve wait1k: p99 10.31ms 96706.94 req/s 
04:59:55 r2 N=8 slim swerve-ext json: p99 389.00us 698083.14 req/s 
05:00:08 r2 N=8 slim swerve-ext wait: p99 10.51ms 12297.65 req/s 
05:00:21 r2 N=8 slim swerve-ext wait1k: p99 12.09ms 87222.34 req/s 
05:00:36 r2 N=8 slim rr json: p99 1.44ms 133030.86 req/s 
05:00:49 r2 N=8 slim rr wait: p99 162.00ms 787.32 req/s 
05:01:03 r2 N=8 slim rr wait1k: p99 2.31s 699.97 req/s 
05:01:19 r2 N=8 slim franken json: p99 1.09ms 367544.80 req/s 
05:01:33 r2 N=8 slim franken wait: p99 221.96ms 782.01 req/s 
05:01:46 r2 N=8 slim franken wait1k: p99 2.29s 700.10 req/s 
05:02:02 r2 N=8 slim swoole json: p99 322.00us 841797.75 req/s 
05:02:15 r2 N=8 slim swoole wait: p99 10.61ms 12580.38 req/s 
05:02:28 r2 N=8 slim swoole wait1k: p99 12.15ms 92299.83 req/s 
05:02:43 r2 N=8 slim react json: p99 320.00us 544836.21 req/s 
05:02:56 r2 N=8 slim react wait: p99 10.79ms 12170.61 req/s 
05:03:09 r2 N=8 slim react wait1k: p99 13.01ms 81763.30 req/s 
05:03:24 r2 N=8 spiral swerve json: p99 10.23ms 19761.41 req/s 
05:03:38 r2 N=8 spiral swerve session: p99 13.58ms 14724.82 req/s 
05:03:51 r2 N=8 spiral swerve wait: p99 220.60ms 757.89 req/s 
05:04:04 r2 N=8 spiral swerve wait1k: p99 2.41s 670.42 req/s 
05:04:20 r2 N=8 spiral swerve-ext json: p99 8.45ms 20061.66 req/s 
05:04:34 r2 N=8 spiral swerve-ext session: p99 11.07ms 14760.97 req/s 
05:04:47 r2 N=8 spiral swerve-ext wait: p99 262.85ms 755.02 req/s 
05:05:00 r2 N=8 spiral swerve-ext wait1k: p99 2.53s 659.92 req/s 
05:05:17 r2 N=8 spiral rr json: p99 6.87ms 21330.62 req/s 
05:05:31 r2 N=8 spiral rr session: p99 8.99ms 16041.16 req/s 
05:05:44 r2 N=8 spiral rr wait: p99 168.86ms 756.72 req/s 
05:05:57 r2 N=8 spiral rr wait1k: p99 2.41s 671.28 req/s 
05:06:14 r2 N=8 yii swerve json: p99 783.00us 196061.59 req/s 
05:06:27 r2 N=8 yii swerve session: p99 1.17ms 141682.69 req/s 
05:06:41 r2 N=8 yii swerve wait: p99 232.74ms 777.23 req/s 
05:06:54 r2 N=8 yii swerve wait1k: p99 2.37s 695.67 req/s 
05:07:10 r2 N=8 yii swerve-ext json: p99 1.25ms 192422.20 req/s 
05:07:24 r2 N=8 yii swerve-ext session: p99 1.58ms 142301.38 req/s 
05:07:37 r2 N=8 yii swerve-ext wait: p99 202.83ms 783.49 req/s 
05:07:50 r2 N=8 yii swerve-ext wait1k: p99 2.41s 689.42 req/s 
05:08:06 r2 N=8 yii rr json: p99 2.19ms 80080.67 req/s 
05:08:20 r2 N=8 yii rr session: p99 2.76ms 59147.06 req/s 
05:08:33 r2 N=8 yii rr wait: p99 163.65ms 778.87 req/s 
05:08:46 r2 N=8 yii rr wait1k: p99 2.32s 696.11 req/s 
05:09:03 r2 N=8 codeigniter swerve json: p99 8.60ms 20566.28 req/s 
05:09:17 r2 N=8 codeigniter swerve session: p99 9.70ms 16018.56 req/s 
05:09:30 r2 N=8 codeigniter swerve wait: p99 200.38ms 753.98 req/s 
05:09:43 r2 N=8 codeigniter swerve wait1k: p99 2.47s 661.33 req/s 
05:09:59 r2 N=8 codeigniter swerve-ext json: p99 9.11ms 19766.47 req/s 
05:10:13 r2 N=8 codeigniter swerve-ext session: p99 10.94ms 15433.87 req/s 
05:10:26 r2 N=8 codeigniter swerve-ext wait: p99 254.85ms 748.95 req/s 
05:10:40 r2 N=8 codeigniter swerve-ext wait1k: p99 2.55s 648.49 req/s 
05:10:56 r2 N=8 codeigniter franken json: p99 8.05ms 17393.51 req/s 
05:11:10 r2 N=8 codeigniter franken session: p99 38.54ms 8853.77 req/s 
05:11:23 r2 N=8 codeigniter franken wait: p99 171.14ms 748.48 req/s 
05:11:36 r2 N=8 codeigniter franken wait1k: p99 2.51s 657.61 req/s 
