2026-09-30T11:10:41Z	dev	phasync	2	36316ef6ae01a4ab	1	252183.92	253.00us	263.00us	
2026-09-30T11:10:56Z	dev	go	2	ca925512f26388d2	1	258779.29	240.00us	1.42ms	
2026-09-30T11:11:23Z	dev	phasync	1	36316ef6ae01a4ab	1	123912.08	515.00us	528.00us	
2026-09-30T11:11:38Z	dev	phasync	8	36316ef6ae01a4ab	1	869557.21	67.00us	2.68ms	
2026-09-30T11:11:54Z	dev	phasync-ext	1	409ecc63ec3e7126	1	119580.24	534.00us	550.00us	
2026-09-30T11:12:10Z	dev	phasync-ext	2	409ecc63ec3e7126	1	236984.01	331.00us	361.00us	
2026-09-30T11:12:25Z	dev	phasync-ext	8	409ecc63ec3e7126	1	897508.52	62.00us	1.59ms	
2026-09-30T11:12:41Z	dev	node	1	b0587d35ba6819a5	1	132689.66	476.00us	545.00us	
2026-09-30T11:12:56Z	dev	node	2	b0587d35ba6819a5	1	267213.71	236.00us	302.00us	
2026-09-30T11:13:12Z	dev	node	8	b0587d35ba6819a5	1	935438.21	60.00us	0.90ms	
2026-09-30T11:13:27Z	dev	go	1	ca925512f26388d2	1	139544.20	463.00us	0.92ms	
2026-09-30T11:13:42Z	dev	go	8	ca925512f26388d2	1	859243.35	45.00us	695.00us	
2026-09-30T11:27:34Z	dev	phasync	1	69af742a2bc58c79	1	124901.20	511.00us	524.00us	
2026-09-30T11:27:49Z	dev	phasync	2	69af742a2bc58c79	1	250090.45	256.00us	272.00us	
2026-09-30T11:28:05Z	dev	phasync	4	69af742a2bc58c79	1	496679.36	132.00us	152.00us	
2026-09-30T11:28:21Z	dev	phasync-ext	1	c956c5e18d52862b	1	118885.67	537.00us	552.00us	
2026-09-30T11:28:36Z	dev	phasync-ext	2	c956c5e18d52862b	1	239696.02	269.00us	295.00us	
2026-09-30T11:28:52Z	dev	phasync-ext	4	c956c5e18d52862b	1	472316.26	130.00us	272.00us	
2026-09-30T11:29:07Z	dev	node	1	f6a2effdf7af2b91	1	132847.28	476.00us	543.00us	
2026-09-30T11:29:23Z	dev	node	2	f6a2effdf7af2b91	1	270441.13	254.00us	326.00us	
2026-09-30T11:29:38Z	dev	node	4	f6a2effdf7af2b91	1	523493.37	138.00us	285.00us	
2026-09-30T11:29:53Z	dev	go	1	2025b7887d72c025	1	139567.40	463.00us	0.92ms	
2026-09-30T11:30:08Z	dev	go	2	2025b7887d72c025	1	262356.38	237.00us	1.13ms	
2026-09-30T11:30:24Z	dev	go	4	2025b7887d72c025	1	500083.42	119.00us	567.00us	
2026-09-30T11:33:39Z	dev	phasync-ext	1	3b2dfc0ca35607aa	1	114212.82	559.00us	575.00us	
2026-09-30T11:33:54Z	dev	phasync-ext	2	3b2dfc0ca35607aa	1	241226.80	302.00us	325.00us	
2026-09-30T11:34:10Z	dev	phasync-ext	4	3b2dfc0ca35607aa	1	479461.49	130.00us	266.00us	
2026-09-30T11:34:26Z	dev	phasync-ext	1	1158f5db6993a5fb	1	115084.64	555.00us	568.00us	
2026-09-30T11:34:41Z	dev	phasync-ext	2	1158f5db6993a5fb	1	240187.43	265.00us	276.00us	
2026-09-30T11:34:57Z	dev	phasync-ext	4	1158f5db6993a5fb	1	475177.20	131.00us	268.00us	
2026-09-30T11:35:12Z	dev	phasync-ext	1	b8cbbbee70880671	1	115608.94	553.00us	566.00us	
2026-09-30T11:35:28Z	dev	phasync-ext	2	b8cbbbee70880671	1	241205.54	263.00us	282.00us	
2026-09-30T11:35:43Z	dev	phasync-ext	4	b8cbbbee70880671	1	482781.72	138.00us	281.00us	
2026-10-05T14:19:15Z	dev	phasync	1	8e1a427ffca00ab8	1	131650.10	485.00us	503.00us	
2026-10-05T14:19:30Z	dev	phasync	2	8e1a427ffca00ab8	1	272095.59	252.00us	273.00us	
2026-10-05T14:19:46Z	dev	phasync	4	8e1a427ffca00ab8	1	527733.70	127.00us	186.00us	
2026-10-05T14:20:01Z	dev	phasync-ext	1	6f55b343e9f22b84	1	126093.41	506.00us	524.00us	
2026-10-05T14:20:17Z	dev	phasync-ext	2	6f55b343e9f22b84	1	251861.84	252.00us	272.00us	
2026-10-05T14:20:32Z	dev	phasync-ext	4	6f55b343e9f22b84	1	499415.44	112.00us	228.00us	
2026-10-05T14:20:48Z	dev	node	1	00a2914d779b2028	1	142031.16	445.00us	517.00us	
2026-10-05T14:21:03Z	dev	node	2	00a2914d779b2028	1	280570.44	258.00us	392.00us	
2026-10-05T14:21:19Z	dev	node	4	00a2914d779b2028	1	541821.79	109.00us	1.81ms	
2026-10-05T14:21:34Z	dev	go	1	35e65fe3da971877	1	138190.75	468.00us	0.93ms	
2026-10-05T14:21:49Z	dev	go	2	35e65fe3da971877	1	261159.10	238.00us	1.23ms	
2026-10-05T14:22:04Z	dev	go	4	35e65fe3da971877	1	499701.76	119.00us	563.00us	
2026-10-05T14:22:20Z	dev	phasync	1	f1352e82a8daea46	1	101693.24	628.00us	648.00us	
2026-10-05T14:22:35Z	dev	phasync	2	f1352e82a8daea46	1	202455.94	315.00us	330.00us	
2026-10-05T14:22:51Z	dev	phasync	4	f1352e82a8daea46	1	402372.72	153.00us	205.00us	
2026-10-05T14:23:07Z	dev	phasync-ext	1	1bc959c9a3c34fa4	1	94540.12	675.00us	700.00us	
2026-10-05T14:23:22Z	dev	phasync-ext	2	1bc959c9a3c34fa4	1	187937.19	368.00us	397.00us	
2026-10-05T14:23:38Z	dev	phasync-ext	4	1bc959c9a3c34fa4	1	371339.67	190.00us	323.00us	
2026-10-05T14:23:53Z	dev	node	1	8dd5369d92cf2025	1	26929.69	2.00ms	5.98ms	
2026-10-05T14:24:09Z	dev	node	2	8dd5369d92cf2025	1	41997.73	1.40ms	5.84ms	
2026-10-05T14:24:24Z	dev	node	4	8dd5369d92cf2025	1	73941.18	770.00us	3.34ms	
2026-10-05T14:24:39Z	dev	go	1	5ffebd621c55e3e2	1	76720.77	0.85ms	1.83ms	
2026-10-05T14:24:54Z	dev	go	2	5ffebd621c55e3e2	1	136181.22	451.00us	2.67ms	
2026-10-05T14:25:10Z	dev	go	4	5ffebd621c55e3e2	1	259180.23	226.00us	1.20ms	
2026-10-05T14:25:25Z	dev	phasync	1	a0b45a3392f2c4fd	1	3931.28	16.27ms	17.01ms	
2026-10-05T14:25:40Z	dev	phasync	2	a0b45a3392f2c4fd	1	6698.81	10.36ms	11.40ms	
2026-10-05T14:25:56Z	dev	phasync	4	a0b45a3392f2c4fd	1	9384.60	6.58ms	8.88ms	
2026-10-05T14:26:11Z	dev	phasync-ext	1	d4d01b949edcb2f0	1	3784.04	16.87ms	18.44ms	
2026-10-05T14:26:27Z	dev	phasync-ext	2	d4d01b949edcb2f0	1	6765.06	9.44ms	10.30ms	
2026-10-05T14:26:43Z	dev	phasync-ext	4	d4d01b949edcb2f0	1	9466.95	6.88ms	11.26ms	
2026-10-05T14:26:58Z	dev	node	1	0f4794d6edfcd253	1	2669.17	22.72ms	34.91ms	
2026-10-05T14:27:14Z	dev	node	2	0f4794d6edfcd253	1	4666.11	13.11ms	22.99ms	
2026-10-05T14:27:29Z	dev	node	4	0f4794d6edfcd253	1	5434.72	11.24ms	23.63ms	
2026-10-05T14:27:44Z	dev	go	1	7733f4c494025cc2	1	10661.28	5.89ms	30.46ms	
2026-10-05T14:28:00Z	dev	go	2	7733f4c494025cc2	1	20792.78	3.00ms	10.49ms	
2026-10-05T14:28:15Z	dev	go	4	7733f4c494025cc2	1	44798.95	1.20ms	82.50ms	
2026-10-05T14:36:12Z	dev	node	1	a49a12af5640f7cd	1	74835.25	0.86ms	1.06ms	
2026-10-05T14:36:27Z	dev	node	2	a49a12af5640f7cd	1	137092.94	477.00us	1.18ms	
2026-10-05T14:36:43Z	dev	node	4	a49a12af5640f7cd	1	181976.67	266.00us	3.25ms	
2026-10-05T14:36:58Z	dev	go	1	cac00539e59ab055	1	81356.72	805.00us	1.62ms	
2026-10-05T14:37:13Z	dev	go	2	cac00539e59ab055	1	145618.71	432.00us	1.45ms	
2026-10-05T14:37:28Z	dev	go	4	cac00539e59ab055	1	257042.13	226.00us	1.26ms	
